Archive member included to satisfy reference by file (symbol)

/opt/st/stm32cubeide_1.11.2/plugins/com.st.stm32cube.ide.mcu.externaltools.gnu-tools-for-stm32.10.3-2021.10.linux64_1.0.100.202210260954/tools/bin/../lib/gcc/arm-none-eabi/10.3.1/../../../../arm-none-eabi/lib/thumb/v7e-m+fp/hard/libc_nano.a(lib_a-errno.o)
                              ./Core/Src/syscalls.o (__errno)
/opt/st/stm32cubeide_1.11.2/plugins/com.st.stm32cube.ide.mcu.externaltools.gnu-tools-for-stm32.10.3-2021.10.linux64_1.0.100.202210260954/tools/bin/../lib/gcc/arm-none-eabi/10.3.1/../../../../arm-none-eabi/lib/thumb/v7e-m+fp/hard/libc_nano.a(lib_a-exit.o)
                              /opt/st/stm32cubeide_1.11.2/plugins/com.st.stm32cube.ide.mcu.externaltools.gnu-tools-for-stm32.10.3-2021.10.linux64_1.0.100.202210260954/tools/bin/../lib/gcc/arm-none-eabi/10.3.1/../../../../arm-none-eabi/lib/thumb/v7e-m+fp/hard/crt0.o (exit)
/opt/st/stm32cubeide_1.11.2/plugins/com.st.stm32cube.ide.mcu.externaltools.gnu-tools-for-stm32.10.3-2021.10.linux64_1.0.100.202210260954/tools/bin/../lib/gcc/arm-none-eabi/10.3.1/../../../../arm-none-eabi/lib/thumb/v7e-m+fp/hard/libc_nano.a(lib_a-findfp.o)
                              ./Middlewares/Third_Party/FreeRTOS/Source/tasks.o (__sf_fake_stderr)
/opt/st/stm32cubeide_1.11.2/plugins/com.st.stm32cube.ide.mcu.externaltools.gnu-tools-for-stm32.10.3-2021.10.linux64_1.0.100.202210260954/tools/bin/../lib/gcc/arm-none-eabi/10.3.1/../../../../arm-none-eabi/lib/thumb/v7e-m+fp/hard/libc_nano.a(lib_a-fwalk.o)
                              /opt/st/stm32cubeide_1.11.2/plugins/com.st.stm32cube.ide.mcu.externaltools.gnu-tools-for-stm32.10.3-2021.10.linux64_1.0.100.202210260954/tools/bin/../lib/gcc/arm-none-eabi/10.3.1/../../../../arm-none-eabi/lib/thumb/v7e-m+fp/hard/libc_nano.a(lib_a-findfp.o) (_fwalk)
/opt/st/stm32cubeide_1.11.2/plugins/com.st.stm32cube.ide.mcu.externaltools.gnu-tools-for-stm32.10.3-2021.10.linux64_1.0.100.202210260954/tools/bin/../lib/gcc/arm-none-eabi/10.3.1/../../../../arm-none-eabi/lib/thumb/v7e-m+fp/hard/libc_nano.a(lib_a-impure.o)
                              /opt/st/stm32cubeide_1.11.2/plugins/com.st.stm32cube.ide.mcu.externaltools.gnu-tools-for-stm32.10.3-2021.10.linux64_1.0.100.202210260954/tools/bin/../lib/gcc/arm-none-eabi/10.3.1/../../../../arm-none-eabi/lib/thumb/v7e-m+fp/hard/libc_nano.a(lib_a-exit.o) (_global_impure_ptr)
/opt/st/stm32cubeide_1.11.2/plugins/com.st.stm32cube.ide.mcu.externaltools.gnu-tools-for-stm32.10.3-2021.10.linux64_1.0.100.202210260954/tools/bin/../lib/gcc/arm-none-eabi/10.3.1/../../../../arm-none-eabi/lib/thumb/v7e-m+fp/hard/libc_nano.a(lib_a-init.o)
                              /opt/st/stm32cubeide_1.11.2/plugins/com.st.stm32cube.ide.mcu.externaltools.gnu-tools-for-stm32.10.3-2021.10.linux64_1.0.100.202210260954/tools/bin/../lib/gcc/arm-none-eabi/10.3.1/../../../../arm-none-eabi/lib/thumb/v7e-m+fp/hard/crt0.o (__libc_init_array)
/opt/st/stm32cubeide_1.11.2/plugins/com.st.stm32cube.ide.mcu.externaltools.gnu-tools-for-stm32.10.3-2021.10.linux64_1.0.100.202210260954/tools/bin/../lib/gcc/arm-none-eabi/10.3.1/../../../../arm-none-eabi/lib/thumb/v7e-m+fp/hard/libc_nano.a(lib_a-lock.o)
                              /opt/st/stm32cubeide_1.11.2/plugins/com.st.stm32cube.ide.mcu.externaltools.gnu-tools-for-stm32.10.3-2021.10.linux64_1.0.100.202210260954/tools/bin/../lib/gcc/arm-none-eabi/10.3.1/../../../../arm-none-eabi/lib/thumb/v7e-m+fp/hard/libc_nano.a(lib_a-findfp.o) (__retarget_lock_init_recursive)
/opt/st/stm32cubeide_1.11.2/plugins/com.st.stm32cube.ide.mcu.externaltools.gnu-tools-for-stm32.10.3-2021.10.linux64_1.0.100.202210260954/tools/bin/../lib/gcc/arm-none-eabi/10.3.1/../../../../arm-none-eabi/lib/thumb/v7e-m+fp/hard/libc_nano.a(lib_a-memcpy-stub.o)
                              ./Middlewares/Third_Party/FreeRTOS/Source/CMSIS_RTOS_V2/cmsis_os2.o (memcpy)
/opt/st/stm32cubeide_1.11.2/plugins/com.st.stm32cube.ide.mcu.externaltools.gnu-tools-for-stm32.10.3-2021.10.linux64_1.0.100.202210260954/tools/bin/../lib/gcc/arm-none-eabi/10.3.1/../../../../arm-none-eabi/lib/thumb/v7e-m+fp/hard/libc_nano.a(lib_a-memset.o)
                              /opt/st/stm32cubeide_1.11.2/plugins/com.st.stm32cube.ide.mcu.externaltools.gnu-tools-for-stm32.10.3-2021.10.linux64_1.0.100.202210260954/tools/bin/../lib/gcc/arm-none-eabi/10.3.1/../../../../arm-none-eabi/lib/thumb/v7e-m+fp/hard/crt0.o (memset)
/opt/st/stm32cubeide_1.11.2/plugins/com.st.stm32cube.ide.mcu.externaltools.gnu-tools-for-stm32.10.3-2021.10.linux64_1.0.100.202210260954/tools/bin/../lib/gcc/arm-none-eabi/10.3.1/../../../../arm-none-eabi/lib/thumb/v7e-m+fp/hard/libc_nano.a(lib_a-nano-mallocr.o)
                              /opt/st/stm32cubeide_1.11.2/plugins/com.st.stm32cube.ide.mcu.externaltools.gnu-tools-for-stm32.10.3-2021.10.linux64_1.0.100.202210260954/tools/bin/../lib/gcc/arm-none-eabi/10.3.1/../../../../arm-none-eabi/lib/thumb/v7e-m+fp/hard/libc_nano.a(lib_a-findfp.o) (_malloc_r)
[...]
Memory Configuration

Name             Origin             Length             Attributes
RAM              0x0000000020000000 0x0000000000010000 xrw
FLASH            0x0000000008000000 0x0000000000040000 xr
*default*        0x0000000000000000 0xffffffffffffffff

Linker script and memory map

LOAD /opt/st/stm32cubeide_1.11.2/plugins/com.st.stm32cube.ide.mcu.externaltools.gnu-tools-for-stm32.10.3-2021.10.linux64_1.0.100.202210260954/tools/bin/../lib/gcc/arm-none-eabi/10.3.1/thumb/v7e-m+fp/hard/crti.o
LOAD /opt/st/stm32cubeide_1.11.2/plugins/com.st.stm32cube.ide.mcu.externaltools.gnu-tools-for-stm32.10.3-2021.10.linux64_1.0.100.202210260954/tools/bin/../lib/gcc/arm-none-eabi/10.3.1/thumb/v7e-m+fp/hard/crtbegin.o
LOAD /opt/st/stm32cubeide_1.11.2/plugins/com.st.stm32cube.ide.mcu.externaltools.gnu-tools-for-stm32.10.3-2021.10.linux64_1.0.100.202210260954/tools/bin/../lib/gcc/arm-none-eabi/10.3.1/../../../../arm-none-eabi/lib/thumb/v7e-m+fp/hard/crt0.o
LOAD ./Core/Src/freertos.o
LOAD ./Core/Src/main.o
LOAD ./Core/Src/stm32f4xx_hal_msp.o
LOAD ./Core/Src/stm32f4xx_hal_timebase_tim.o
LOAD ./Core/Src/stm32f4xx_it.o
LOAD ./Core/Src/syscalls.o
LOAD ./Core/Src/sysmem.o
LOAD ./Core/Src/system_stm32f4xx.o
LOAD ./Core/Src/nrf24L01/nrf24L01.o
LOAD ./Core/Startup/startup_stm32f401ccux.o
LOAD ./Drivers/STM32F4xx_HAL_Driver/Src/stm32f4xx_hal.o
LOAD ./Drivers/STM32F4xx_HAL_Driver/Src/stm32f4xx_hal_adc.o
LOAD ./Drivers/STM32F4xx_HAL_Driver/Src/stm32f4xx_hal_adc_ex.o
LOAD ./Drivers/STM32F4xx_HAL_Driver/Src/stm32f4xx_hal_cortex.o
LOAD ./Drivers/STM32F4xx_HAL_Driver/Src/stm32f4xx_hal_dma.o
LOAD ./Drivers/STM32F4xx_HAL_Driver/Src/stm32f4xx_hal_dma_ex.o
LOAD ./Drivers/STM32F4xx_HAL_Driver/Src/stm32f4xx_hal_exti.o
LOAD ./Drivers/STM32F4xx_HAL_Driver/Src/stm32f4xx_hal_flash.o
LOAD ./Drivers/STM32F4xx_HAL_Driver/Src/stm32f4xx_hal_flash_ex.o
LOAD ./Drivers/STM32F4xx_HAL_Driver/Src/stm32f4xx_hal_flash_ramfunc.o
LOAD ./Drivers/STM32F4xx_HAL_Driver/Src/stm32f4xx_hal_gpio.o
LOAD ./Drivers/STM32F4xx_HAL_Driver/Src/stm32f4xx_hal_pwr.o
LOAD ./Drivers/STM32F4xx_HAL_Driver/Src/stm32f4xx_hal_pwr_ex.o
LOAD ./Drivers/STM32F4xx_HAL_Driver/Src/stm32f4xx_hal_rcc.o
LOAD ./Drivers/STM32F4xx_HAL_Driver/Src/stm32f4xx_hal_rcc_ex.o
LOAD ./Drivers/STM32F4xx_HAL_Driver/Src/stm32f4xx_hal_spi.o
LOAD ./Drivers/STM32F4xx_HAL_Driver/Src/stm32f4xx_hal_tim.o
LOAD ./Drivers/STM32F4xx_HAL_Driver/Src/stm32f4xx_hal_tim_ex.o
LOAD ./Drivers/STM32F4xx_HAL_Driver/Src/stm32f4xx_hal_uart.o
LOAD ./Drivers/STM32F4xx_HAL_Driver/Src/stm32f4xx_ll_adc.o
LOAD ./Middlewares/Third_Party/FreeRTOS/Source/CMSIS_RTOS_V2/cmsis_os2.o
LOAD ./Middlewares/Third_Party/FreeRTOS/Source/croutine.o
LOAD ./Middlewares/Third_Party/FreeRTOS/Source/event_groups.o
LOAD ./Middlewares/Third_Party/FreeRTOS/Source/list.o
LOAD ./Middlewares/Third_Party/FreeRTOS/Source/queue.o
LOAD ./Middlewares/Third_Party/FreeRTOS/Source/stream_buffer.o
LOAD ./Middlewares/Third_Party/FreeRTOS/Source/tasks.o
LOAD ./Middlewares/Third_Party/FreeRTOS/Source/timers.o
LOAD ./Middlewares/Third_Party/FreeRTOS/Source/portable/GCC/ARM_CM4F/port.o
LOAD ./Middlewares/Third_Party/FreeRTOS/Source/portable/MemMang/heap_4.o
START GROUP
LOAD /opt/st/stm32cubeide_1.11.2/plugins/com.st.stm32cube.ide.mcu.externaltools.gnu-tools-for-stm32.10.3-2021.10.linux64_1.0.100.202210260954/tools/bin/../lib/gcc/arm-none-eabi/10.3.1/../../../../arm-none-eabi/lib/thumb/v7e-m+fp/hard/libc_nano.a
LOAD /opt/st/stm32cubeide_1.11.2/plugins/com.st.stm32cube.ide.mcu.externaltools.gnu-tools-for-stm32.10.3-2021.10.linux64_1.0.100.202210260954/tools/bin/../lib/gcc/arm-none-eabi/10.3.1/../../../../arm-none-eabi/lib/thumb/v7e-m+fp/hard/libm.a
END GROUP
START GROUP
LOAD /opt/st/stm32cubeide_1.11.2/plugins/com.st.stm32cube.ide.mcu.externaltools.gnu-tools-for-stm32.10.3-2021.10.linux64_1.0.100.202210260954/tools/bin/../lib/gcc/arm-none-eabi/10.3.1/thumb/v7e-m+fp/hard/libgcc.a
LOAD /opt/st/stm32cubeide_1.11.2/plugins/com.st.stm32cube.ide.mcu.externaltools.gnu-tools-for-stm32.10.3-2021.10.linux64_1.0.100.202210260954/tools/bin/../lib/gcc/arm-none-eabi/10.3.1/../../../../arm-none-eabi/lib/thumb/v7e-m+fp/hard/libc_nano.a
END GROUP
START GROUP
LOAD /opt/st/stm32cubeide_1.11.2/plugins/com.st.stm32cube.ide.mcu.externaltools.gnu-tools-for-stm32.10.3-2021.10.linux64_1.0.100.202210260954/tools/bin/../lib/gcc/arm-none-eabi/10.3.1/thumb/v7e-m+fp/hard/libgcc.a
LOAD /opt/st/stm32cubeide_1.11.2/plugins/com.st.stm32cube.ide.mcu.externaltools.gnu-tools-for-stm32.10.3-2021.10.linux64_1.0.100.202210260954/tools/bin/../lib/gcc/arm-none-eabi/10.3.1/../../../../arm-none-eabi/lib/thumb/v7e-m+fp/hard/libc_nano.a
LOAD /opt/st/stm32cubeide_1.11.2/plugins/com.st.stm32cube.ide.mcu.externaltools.gnu-tools-for-stm32.10.3-2021.10.linux64_1.0.100.202210260954/tools/bin/../lib/gcc/arm-none-eabi/10.3.1/../../../../arm-none-eabi/lib/thumb/v7e-m+fp/hard/libnosys.a
END GROUP
START GROUP
LOAD /opt/st/stm32cubeide_1.11.2/plugins/com.st.stm32cube.ide.mcu.externaltools.gnu-tools-for-stm32.10.3-2021.10.linux64_1.0.100.202210260954/tools/bin/../lib/gcc/arm-none-eabi/10.3.1/thumb/v7e-m+fp/hard/libgcc.a
LOAD /opt/st/stm32cubeide_1.11.2/plugins/com.st.stm32cube.ide.mcu.externaltools.gnu-tools-for-stm32.10.3-2021.10.linux64_1.0.100.202210260954/tools/bin/../lib/gcc/arm-none-eabi/10.3.1/../../../../arm-none-eabi/lib/thumb/v7e-m+fp/hard/libc_nano.a
LOAD /opt/st/stm32cubeide_1.11.2/plugins/com.st.stm32cube.ide.mcu.externaltools.gnu-tools-for-stm32.10.3-2021.10.linux64_1.0.100.202210260954/tools/bin/../lib/gcc/arm-none-eabi/10.3.1/../../../../arm-none-eabi/lib/thumb/v7e-m+fp/hard/libnosys.a
END GROUP
LOAD /opt/st/stm32cubeide_1.11.2/plugins/com.st.stm32cube.ide.mcu.externaltools.gnu-tools-for-stm32.10.3-2021.10.linux64_1.0.100.202210260954/tools/bin/../lib/gcc/arm-none-eabi/10.3.1/thumb/v7e-m+fp/hard/crtend.o
LOAD /opt/st/stm32cubeide_1.11.2/plugins/com.st.stm32cube.ide.mcu.externaltools.gnu-tools-for-stm32.10.3-2021.10.linux64_1.0.100.202210260954/tools/bin/../lib/gcc/arm-none-eabi/10.3.1/thumb/v7e-m+fp/hard/crtn.o
                0x0000000020010000                _estack = (ORIGIN (RAM) + LENGTH (RAM))
                0x0000000000000200                _Min_Heap_Size = 0x200
                0x0000000000000400                _Min_Stack_Size = 0x400

.isr_vector     0x0000000008000000      0x194
                0x0000000008000000                . = ALIGN (0x4)
 *(.isr_vector)
 .isr_vector    0x0000000008000000      0x194 ./Core/Startup/startup_stm32f401ccux.o
                0x0000000008000000                g_pfnVectors
                0x0000000008000194                . = ALIGN (0x4)

.text           0x00000000080001a0     0x7a00
                0x00000000080001a0                . = ALIGN (0x4)
 *(.text)
 .text          0x00000000080001a0       0x40 /opt/st/stm32cubeide_1.11.2/plugins/com.st.stm32cube.ide.mcu.externaltools.gnu-tools-for-stm32.10.3-2021.10.linux64_1.0.100.202210260954/tools/bin/../lib/gcc/arm-none-eabi/10.3.1/thumb/v7e-m+fp/hard/crtbegin.o
 .text          0x00000000080001e0       0x30 /opt/st/stm32cubeide_1.11.2/plugins/com.st.stm32cube.ide.mcu.externaltools.gnu-tools-for-stm32.10.3-2021.10.linux64_1.0.100.202210260954/tools/bin/../lib/gcc/arm-none-eabi/10.3.1/thumb/v7e-m+fp/hard/libgcc.a(_aeabi_uldivmod.o)
                0x00000000080001e0                __aeabi_uldivmod
 .text          0x0000000008000210      0x2d0 /opt/st/stm32cubeide_1.11.2/plugins/com.st.stm32cube.ide.mcu.externaltools.gnu-tools-for-stm32.10.3-2021.10.linux64_1.0.100.202210260954/tools/bin/../lib/gcc/arm-none-eabi/10.3.1/thumb/v7e-m+fp/hard/libgcc.a(_udivmoddi4.o)
                0x0000000008000210                __udivmoddi4
 .text          0x00000000080004e0        0x4 /opt/st/stm32cubeide_1.11.2/plugins/com.st.stm32cube.ide.mcu.externaltools.gnu-tools-for-stm32.10.3-2021.10.linux64_1.0.100.202210260954/tools/bin/../lib/gcc/arm-none-eabi/10.3.1/thumb/v7e-m+fp/hard/libgcc.a(_dvmd_tls.o)
                0x00000000080004e0                __aeabi_ldiv0
                0x00000000080004e0                __aeabi_idiv0
 *(.text*)
 .text.ADC_Get_Value
                0x00000000080004e4       0xe0 ./Core/Src/main.o
                0x00000000080004e4                ADC_Get_Value
 .text.main     0x00000000080005c4       0xd4 ./Core/Src/main.o
                0x00000000080005c4                main
 .text.SystemClock_Config
                0x0000000008000698       0xd4 ./Core/Src/main.o
                0x0000000008000698                SystemClock_Config
 .text.MX_ADC1_Init
                0x000000000800076c      0x14c ./Core/Src/main.o
 .text.MX_SPI2_Init
                0x00000000080008b8       0x6c ./Core/Src/main.o
 .text.MX_TIM2_Init
                0x0000000008000924       0xd0 ./Core/Src/main.o
 .text.MX_TIM4_Init
                0x00000000080009f4       0xe0 ./Core/Src/main.o
 .text.MX_USART1_UART_Init
                0x0000000008000ad4       0x54 ./Core/Src/main.o
 .text.MX_GPIO_Init
                0x0000000008000b28      0x134 ./Core/Src/main.o
 .text.StartDefaultTask
                0x0000000008000c5c       0x10 ./Core/Src/main.o
                0x0000000008000c5c                StartDefaultTask
 .text.Start_tx_task
                0x0000000008000c6c       0x10 ./Core/Src/main.o
                0x0000000008000c6c                Start_tx_task
 .text.Start_rx_Task
                0x0000000008000c7c       0x8e ./Core/Src/main.o
                0x0000000008000c7c                Start_rx_Task
 *fill*         0x0000000008000d0a        0x2 
 .text.HAL_TIM_PeriodElapsedCallback
                0x0000000008000d0c       0x24 ./Core/Src/main.o
                0x0000000008000d0c                HAL_TIM_PeriodElapsedCallback
 .text.Error_Handler
                0x0000000008000d30        0xa ./Core/Src/main.o
                0x0000000008000d30                Error_Handler
 *fill*         0x0000000008000d3a        0x2 
 .text.HAL_MspInit
                0x0000000008000d3c       0x58 ./Core/Src/stm32f4xx_hal_msp.o
                0x0000000008000d3c                HAL_MspInit
 .text.HAL_ADC_MspInit
                0x0000000008000d94       0xd0 ./Core/Src/stm32f4xx_hal_msp.o
                0x0000000008000d94                HAL_ADC_MspInit
 .text.HAL_SPI_MspInit
                0x0000000008000e64       0x90 ./Core/Src/stm32f4xx_hal_msp.o
                0x0000000008000e64                HAL_SPI_MspInit
 .text.HAL_TIM_PWM_MspInit
                0x0000000008000ef4       0x6c ./Core/Src/stm32f4xx_hal_msp.o
                0x0000000008000ef4                HAL_TIM_PWM_MspInit
 .text.HAL_TIM_MspPostInit
                0x0000000008000f60      0x100 ./Core/Src/stm32f4xx_hal_msp.o
                0x0000000008000f60                HAL_TIM_MspPostInit
 .text.HAL_UART_MspInit
                0x0000000008001060       0x90 ./Core/Src/stm32f4xx_hal_msp.o
                0x0000000008001060                HAL_UART_MspInit
 .text.HAL_InitTick
                0x00000000080010f0       0xe4 ./Core/Src/stm32f4xx_hal_timebase_tim.o
                0x00000000080010f0                HAL_InitTick
 .text.NMI_Handler
                0x00000000080011d4        0x6 ./Core/Src/stm32f4xx_it.o
                0x00000000080011d4                NMI_Handler
 .text.HardFault_Handler
                0x00000000080011da        0x6 ./Core/Src/stm32f4xx_it.o
                0x00000000080011da                HardFault_Handler
 .text.MemManage_Handler
                0x00000000080011e0        0x6 ./Core/Src/stm32f4xx_it.o
                0x00000000080011e0                MemManage_Handler
 .text.BusFault_Handler
                0x00000000080011e6        0x6 ./Core/Src/stm32f4xx_it.o
                0x00000000080011e6                BusFault_Handler
 .text.UsageFault_Handler
                0x00000000080011ec        0x6 ./Core/Src/stm32f4xx_it.o
                0x00000000080011ec                UsageFault_Handler
 .text.DebugMon_Handler
                0x00000000080011f2        0xe ./Core/Src/stm32f4xx_it.o
                0x00000000080011f2                DebugMon_Handler
 .text.EXTI2_IRQHandler
                0x0000000008001200        0xe ./Core/Src/stm32f4xx_it.o
                0x0000000008001200                EXTI2_IRQHandler
 *fill*         0x000000000800120e        0x2 
 .text.ADC_IRQHandler
                0x0000000008001210       0x14 ./Core/Src/stm32f4xx_it.o
                0x0000000008001210                ADC_IRQHandler
 .text.TIM1_UP_TIM10_IRQHandler
                0x0000000008001224       0x14 ./Core/Src/stm32f4xx_it.o
                0x0000000008001224                TIM1_UP_TIM10_IRQHandler
 .text.SystemInit
                0x0000000008001238       0x24 ./Core/Src/system_stm32f4xx.o
                0x0000000008001238                SystemInit
 .text.DelayMicro
                0x000000000800125c       0x40 ./Core/Src/nrf24L01/nrf24L01.o
 .text.NRF24_init_TX
                0x000000000800129c       0xac ./Core/Src/nrf24L01/nrf24L01.o
                0x000000000800129c                NRF24_init_TX
 .text.NRF24_ReadReg
                0x0000000008001348       0x68 ./Core/Src/nrf24L01/nrf24L01.o
                0x0000000008001348                NRF24_ReadReg
 .text.NRF24_WriteReg
                0x00000000080013b0       0x5c ./Core/Src/nrf24L01/nrf24L01.o
 .text.NRF24_ToggleFeatures
                0x000000000800140c       0x54 ./Core/Src/nrf24L01/nrf24L01.o
 .text.NRF24_Write_Buf
                0x0000000008001460       0x64 ./Core/Src/nrf24L01/nrf24L01.o
                0x0000000008001460                NRF24_Write_Buf
 .text.NRF24_FlushRX
                0x00000000080014c4       0x44 ./Core/Src/nrf24L01/nrf24L01.o
 .text.NRF24_FlushTX
                0x0000000008001508       0x44 ./Core/Src/nrf24L01/nrf24L01.o
 .text.NRF24L01_RX_Mode
                0x000000000800154c       0x4c ./Core/Src/nrf24L01/nrf24L01.o
                0x000000000800154c                NRF24L01_RX_Mode
 .text.NRF24L01_TX_Mode
                0x0000000008001598       0x34 ./Core/Src/nrf24L01/nrf24L01.o
                0x0000000008001598                NRF24L01_TX_Mode
 .text.NRF24_Transmit
                0x00000000080015cc       0x6c ./Core/Src/nrf24L01/nrf24L01.o
                0x00000000080015cc                NRF24_Transmit
 .text.NRF24L01_Send
                0x0000000008001638       0xd4 ./Core/Src/nrf24L01/nrf24L01.o
                0x0000000008001638                NRF24L01_Send
 .text.NRF24L01_Transmit_Real_Data
                0x000000000800170c       0x16 ./Core/Src/nrf24L01/nrf24L01.o
                0x000000000800170c                NRF24L01_Transmit_Real_Data
 *fill*         0x0000000008001722        0x2 
 .text.Reset_Handler
                0x0000000008001724       0x50 ./Core/Startup/startup_stm32f401ccux.o
                0x0000000008001724                Reset_Handler
 .text.Default_Handler
                0x0000000008001774        0x2 ./Core/Startup/startup_stm32f401ccux.o
                0x0000000008001774                RTC_Alarm_IRQHandler
                0x0000000008001774                SPI4_IRQHandler
                0x0000000008001774                TIM1_CC_IRQHandler
                0x0000000008001774                DMA2_Stream5_IRQHandler
                0x0000000008001774                DMA1_Stream5_IRQHandler
                0x0000000008001774                PVD_IRQHandler
                0x0000000008001774                SDIO_IRQHandler
                0x0000000008001774                TAMP_STAMP_IRQHandler
                0x0000000008001774                EXTI3_IRQHandler
                0x0000000008001774                I2C3_ER_IRQHandler
                0x0000000008001774                EXTI0_IRQHandler
                0x0000000008001774                I2C2_EV_IRQHandler
                0x0000000008001774                DMA1_Stream2_IRQHandler
                0x0000000008001774                FPU_IRQHandler
                0x0000000008001774                DMA2_Stream2_IRQHandler
                0x0000000008001774                SPI1_IRQHandler
                0x0000000008001774                TIM1_BRK_TIM9_IRQHandler
                0x0000000008001774                DMA2_Stream3_IRQHandler
                0x0000000008001774                USART6_IRQHandler
                0x0000000008001774                DMA2_Stream0_IRQHandler
                0x0000000008001774                TIM4_IRQHandler
                0x0000000008001774                I2C1_EV_IRQHandler
                0x0000000008001774                DMA1_Stream6_IRQHandler
                0x0000000008001774                DMA1_Stream1_IRQHandler
                0x0000000008001774                TIM3_IRQHandler
                0x0000000008001774                RCC_IRQHandler
                0x0000000008001774                Default_Handler
                0x0000000008001774                EXTI15_10_IRQHandler
                0x0000000008001774                DMA1_Stream7_IRQHandler
                0x0000000008001774                TIM5_IRQHandler
                0x0000000008001774                DMA2_Stream7_IRQHandler
                0x0000000008001774                I2C3_EV_IRQHandler
                0x0000000008001774                EXTI9_5_IRQHandler
                0x0000000008001774                RTC_WKUP_IRQHandler
                0x0000000008001774                SPI2_IRQHandler
                0x0000000008001774                DMA1_Stream0_IRQHandler
                0x0000000008001774                EXTI4_IRQHandler
                0x0000000008001774                WWDG_IRQHandler
                0x0000000008001774                TIM2_IRQHandler
                0x0000000008001774                OTG_FS_WKUP_IRQHandler
                0x0000000008001774                TIM1_TRG_COM_TIM11_IRQHandler
                0x0000000008001774                EXTI1_IRQHandler
                0x0000000008001774                USART2_IRQHandler
                0x0000000008001774                I2C2_ER_IRQHandler
                0x0000000008001774                DMA2_Stream1_IRQHandler
                0x0000000008001774                FLASH_IRQHandler
                0x0000000008001774                DMA2_Stream4_IRQHandler
                0x0000000008001774                USART1_IRQHandler
                0x0000000008001774                OTG_FS_IRQHandler
                0x0000000008001774                SPI3_IRQHandler
                0x0000000008001774                DMA1_Stream4_IRQHandler
                0x0000000008001774                I2C1_ER_IRQHandler
                0x0000000008001774                DMA2_Stream6_IRQHandler
                0x0000000008001774                DMA1_Stream3_IRQHandler
 *fill*         0x0000000008001776        0x2 
 .text.HAL_Init
                0x0000000008001778       0x44 ./Drivers/STM32F4xx_HAL_Driver/Src/stm32f4xx_hal.o
                0x0000000008001778                HAL_Init
 .text.HAL_IncTick
                0x00000000080017bc       0x28 ./Drivers/STM32F4xx_HAL_Driver/Src/stm32f4xx_hal.o
                0x00000000080017bc                HAL_IncTick
 .text.HAL_GetTick
                0x00000000080017e4       0x18 ./Drivers/STM32F4xx_HAL_Driver/Src/stm32f4xx_hal.o
                0x00000000080017e4                HAL_GetTick
 .text.HAL_Delay
                0x00000000080017fc       0x48 ./Drivers/STM32F4xx_HAL_Driver/Src/stm32f4xx_hal.o
                0x00000000080017fc                HAL_Delay
 .text.HAL_ADC_Init
                0x0000000008001844       0x86 ./Drivers/STM32F4xx_HAL_Driver/Src/stm32f4xx_hal_adc.o
                0x0000000008001844                HAL_ADC_Init
 *fill*         0x00000000080018ca        0x2 
 .text.HAL_ADC_Start
                0x00000000080018cc      0x168 ./Drivers/STM32F4xx_HAL_Driver/Src/stm32f4xx_hal_adc.o
                0x00000000080018cc                HAL_ADC_Start
 .text.HAL_ADC_Stop
                0x0000000008001a34       0x66 ./Drivers/STM32F4xx_HAL_Driver/Src/stm32f4xx_hal_adc.o
                0x0000000008001a34                HAL_ADC_Stop
 .text.HAL_ADC_PollForConversion
                0x0000000008001a9a      0x116 ./Drivers/STM32F4xx_HAL_Driver/Src/stm32f4xx_hal_adc.o
                0x0000000008001a9a                HAL_ADC_PollForConversion
 .text.HAL_ADC_IRQHandler
                0x0000000008001bb0      0x220 ./Drivers/STM32F4xx_HAL_Driver/Src/stm32f4xx_hal_adc.o
                0x0000000008001bb0                HAL_ADC_IRQHandler
 .text.HAL_ADC_GetValue
                0x0000000008001dd0       0x1a ./Drivers/STM32F4xx_HAL_Driver/Src/stm32f4xx_hal_adc.o
                0x0000000008001dd0                HAL_ADC_GetValue
 .text.HAL_ADC_ConvCpltCallback
                0x0000000008001dea       0x14 ./Drivers/STM32F4xx_HAL_Driver/Src/stm32f4xx_hal_adc.o
                0x0000000008001dea                HAL_ADC_ConvCpltCallback
 .text.HAL_ADC_LevelOutOfWindowCallback
                0x0000000008001dfe       0x14 ./Drivers/STM32F4xx_HAL_Driver/Src/stm32f4xx_hal_adc.o
                0x0000000008001dfe                HAL_ADC_LevelOutOfWindowCallback
 .text.HAL_ADC_ErrorCallback
                0x0000000008001e12       0x14 ./Drivers/STM32F4xx_HAL_Driver/Src/stm32f4xx_hal_adc.o
                0x0000000008001e12                HAL_ADC_ErrorCallback
 *fill*         0x0000000008001e26        0x2 
 .text.HAL_ADC_ConfigChannel
                0x0000000008001e28      0x244 ./Drivers/STM32F4xx_HAL_Driver/Src/stm32f4xx_hal_adc.o
                0x0000000008001e28                HAL_ADC_ConfigChannel
 .text.ADC_Init
                0x000000000800206c      0x1f8 ./Drivers/STM32F4xx_HAL_Driver/Src/stm32f4xx_hal_adc.o
 .text.HAL_ADCEx_InjectedConvCpltCallback
                0x0000000008002264       0x14 ./Drivers/STM32F4xx_HAL_Driver/Src/stm32f4xx_hal_adc_ex.o
                0x0000000008002264                HAL_ADCEx_InjectedConvCpltCallback
 .text.__NVIC_SetPriorityGrouping
                0x0000000008002278       0x48 ./Drivers/STM32F4xx_HAL_Driver/Src/stm32f4xx_hal_cortex.o
 .text.__NVIC_GetPriorityGrouping
                0x00000000080022c0       0x1c ./Drivers/STM32F4xx_HAL_Driver/Src/stm32f4xx_hal_cortex.o
 .text.__NVIC_EnableIRQ
                0x00000000080022dc       0x3c ./Drivers/STM32F4xx_HAL_Driver/Src/stm32f4xx_hal_cortex.o
 .text.__NVIC_SetPriority
                0x0000000008002318       0x54 ./Drivers/STM32F4xx_HAL_Driver/Src/stm32f4xx_hal_cortex.o
 .text.NVIC_EncodePriority
                0x000000000800236c       0x66 ./Drivers/STM32F4xx_HAL_Driver/Src/stm32f4xx_hal_cortex.o
 .text.HAL_NVIC_SetPriorityGrouping
                0x00000000080023d2       0x16 ./Drivers/STM32F4xx_HAL_Driver/Src/stm32f4xx_hal_cortex.o
                0x00000000080023d2                HAL_NVIC_SetPriorityGrouping
 .text.HAL_NVIC_SetPriority
                0x00000000080023e8       0x38 ./Drivers/STM32F4xx_HAL_Driver/Src/stm32f4xx_hal_cortex.o
                0x00000000080023e8                HAL_NVIC_SetPriority
 .text.HAL_NVIC_EnableIRQ
                0x0000000008002420       0x1c ./Drivers/STM32F4xx_HAL_Driver/Src/stm32f4xx_hal_cortex.o
                0x0000000008002420                HAL_NVIC_EnableIRQ
 .text.HAL_GPIO_Init
                0x000000000800243c      0x308 ./Drivers/STM32F4xx_HAL_Driver/Src/stm32f4xx_hal_gpio.o
                0x000000000800243c                HAL_GPIO_Init
 .text.HAL_GPIO_ReadPin
                0x0000000008002744       0x30 ./Drivers/STM32F4xx_HAL_Driver/Src/stm32f4xx_hal_gpio.o
                0x0000000008002744                HAL_GPIO_ReadPin
 .text.HAL_GPIO_WritePin
                0x0000000008002774       0x32 ./Drivers/STM32F4xx_HAL_Driver/Src/stm32f4xx_hal_gpio.o
                0x0000000008002774                HAL_GPIO_WritePin
 .text.HAL_GPIO_TogglePin
                0x00000000080027a6       0x34 ./Drivers/STM32F4xx_HAL_Driver/Src/stm32f4xx_hal_gpio.o
                0x00000000080027a6                HAL_GPIO_TogglePin
 *fill*         0x00000000080027da        0x2 
 .text.HAL_GPIO_EXTI_IRQHandler
                0x00000000080027dc       0x30 ./Drivers/STM32F4xx_HAL_Driver/Src/stm32f4xx_hal_gpio.o
                0x00000000080027dc                HAL_GPIO_EXTI_IRQHandler
 .text.HAL_GPIO_EXTI_Callback
                0x000000000800280c       0x16 ./Drivers/STM32F4xx_HAL_Driver/Src/stm32f4xx_hal_gpio.o
                0x000000000800280c                HAL_GPIO_EXTI_Callback
 *fill*         0x0000000008002822        0x2 
 .text.HAL_RCC_OscConfig
                0x0000000008002824      0x4f0 ./Drivers/STM32F4xx_HAL_Driver/Src/stm32f4xx_hal_rcc.o
                0x0000000008002824                HAL_RCC_OscConfig
 .text.HAL_RCC_ClockConfig
                0x0000000008002d14      0x1cc ./Drivers/STM32F4xx_HAL_Driver/Src/stm32f4xx_hal_rcc.o
                0x0000000008002d14                HAL_RCC_ClockConfig
 .text.HAL_RCC_GetSysClockFreq
                0x0000000008002ee0      0x18c ./Drivers/STM32F4xx_HAL_Driver/Src/stm32f4xx_hal_rcc.o
                0x0000000008002ee0                HAL_RCC_GetSysClockFreq
 .text.HAL_RCC_GetHCLKFreq
                0x000000000800306c       0x18 ./Drivers/STM32F4xx_HAL_Driver/Src/stm32f4xx_hal_rcc.o
                0x000000000800306c                HAL_RCC_GetHCLKFreq
 .text.HAL_RCC_GetPCLK1Freq
                0x0000000008003084       0x28 ./Drivers/STM32F4xx_HAL_Driver/Src/stm32f4xx_hal_rcc.o
                0x0000000008003084                HAL_RCC_GetPCLK1Freq
 .text.HAL_RCC_GetPCLK2Freq
                0x00000000080030ac       0x28 ./Drivers/STM32F4xx_HAL_Driver/Src/stm32f4xx_hal_rcc.o
                0x00000000080030ac                HAL_RCC_GetPCLK2Freq
 .text.HAL_RCC_GetClockConfig
                0x00000000080030d4       0x64 ./Drivers/STM32F4xx_HAL_Driver/Src/stm32f4xx_hal_rcc.o
                0x00000000080030d4                HAL_RCC_GetClockConfig
 .text.HAL_SPI_Init
                0x0000000008003138      0x112 ./Drivers/STM32F4xx_HAL_Driver/Src/stm32f4xx_hal_spi.o
                0x0000000008003138                HAL_SPI_Init
 .text.HAL_SPI_Transmit
                0x000000000800324a      0x278 ./Drivers/STM32F4xx_HAL_Driver/Src/stm32f4xx_hal_spi.o
                0x000000000800324a                HAL_SPI_Transmit
 .text.HAL_SPI_TransmitReceive
                0x00000000080034c2      0x344 ./Drivers/STM32F4xx_HAL_Driver/Src/stm32f4xx_hal_spi.o
                0x00000000080034c2                HAL_SPI_TransmitReceive
 *fill*         0x0000000008003806        0x2 
 .text.SPI_WaitFlagStateUntilTimeout
                0x0000000008003808      0x110 ./Drivers/STM32F4xx_HAL_Driver/Src/stm32f4xx_hal_spi.o
 .text.SPI_EndRxTxTransaction
                0x0000000008003918       0x84 ./Drivers/STM32F4xx_HAL_Driver/Src/stm32f4xx_hal_spi.o
 .text.HAL_TIM_Base_Init
                0x000000000800399c       0x9e ./Drivers/STM32F4xx_HAL_Driver/Src/stm32f4xx_hal_tim.o
                0x000000000800399c                HAL_TIM_Base_Init
 .text.HAL_TIM_Base_MspInit
                0x0000000008003a3a       0x14 ./Drivers/STM32F4xx_HAL_Driver/Src/stm32f4xx_hal_tim.o
                0x0000000008003a3a                HAL_TIM_Base_MspInit
 *fill*         0x0000000008003a4e        0x2 
 .text.HAL_TIM_Base_Start_IT
                0x0000000008003a50       0xc4 ./Drivers/STM32F4xx_HAL_Driver/Src/stm32f4xx_hal_tim.o
                0x0000000008003a50                HAL_TIM_Base_Start_IT
 .text.HAL_TIM_PWM_Init
                0x0000000008003b14       0x9e ./Drivers/STM32F4xx_HAL_Driver/Src/stm32f4xx_hal_tim.o
                0x0000000008003b14                HAL_TIM_PWM_Init
 .text.HAL_TIM_IRQHandler
                0x0000000008003bb2      0x210 ./Drivers/STM32F4xx_HAL_Driver/Src/stm32f4xx_hal_tim.o
                0x0000000008003bb2                HAL_TIM_IRQHandler
 *fill*         0x0000000008003dc2        0x2 
 .text.HAL_TIM_PWM_ConfigChannel
                0x0000000008003dc4      0x184 ./Drivers/STM32F4xx_HAL_Driver/Src/stm32f4xx_hal_tim.o
                0x0000000008003dc4                HAL_TIM_PWM_ConfigChannel
 .text.HAL_TIM_OC_DelayElapsedCallback
                0x0000000008003f48       0x14 ./Drivers/STM32F4xx_HAL_Driver/Src/stm32f4xx_hal_tim.o
                0x0000000008003f48                HAL_TIM_OC_DelayElapsedCallback
 .text.HAL_TIM_IC_CaptureCallback
                0x0000000008003f5c       0x14 ./Drivers/STM32F4xx_HAL_Driver/Src/stm32f4xx_hal_tim.o
                0x0000000008003f5c                HAL_TIM_IC_CaptureCallback
 .text.HAL_TIM_PWM_PulseFinishedCallback
                0x0000000008003f70       0x14 ./Drivers/STM32F4xx_HAL_Driver/Src/stm32f4xx_hal_tim.o
                0x0000000008003f70                HAL_TIM_PWM_PulseFinishedCallback
 .text.HAL_TIM_TriggerCallback
                0x0000000008003f84       0x14 ./Drivers/STM32F4xx_HAL_Driver/Src/stm32f4xx_hal_tim.o
                0x0000000008003f84                HAL_TIM_TriggerCallback
 .text.TIM_Base_SetConfig
                0x0000000008003f98      0x100 ./Drivers/STM32F4xx_HAL_Driver/Src/stm32f4xx_hal_tim.o
                0x0000000008003f98                TIM_Base_SetConfig
 .text.TIM_OC1_SetConfig
                0x0000000008004098       0xcc ./Drivers/STM32F4xx_HAL_Driver/Src/stm32f4xx_hal_tim.o
 .text.TIM_OC2_SetConfig
                0x0000000008004164       0xd8 ./Drivers/STM32F4xx_HAL_Driver/Src/stm32f4xx_hal_tim.o
                0x0000000008004164                TIM_OC2_SetConfig
 .text.TIM_OC3_SetConfig
                0x000000000800423c       0xd4 ./Drivers/STM32F4xx_HAL_Driver/Src/stm32f4xx_hal_tim.o
 .text.TIM_OC4_SetConfig
                0x0000000008004310       0xa0 ./Drivers/STM32F4xx_HAL_Driver/Src/stm32f4xx_hal_tim.o
 .text.HAL_TIMEx_MasterConfigSynchronization
                0x00000000080043b0       0xdc ./Drivers/STM32F4xx_HAL_Driver/Src/stm32f4xx_hal_tim_ex.o
                0x00000000080043b0                HAL_TIMEx_MasterConfigSynchronization
 .text.HAL_TIMEx_CommutCallback
                0x000000000800448c       0x14 ./Drivers/STM32F4xx_HAL_Driver/Src/stm32f4xx_hal_tim_ex.o
                0x000000000800448c                HAL_TIMEx_CommutCallback
 .text.HAL_TIMEx_BreakCallback
                0x00000000080044a0       0x14 ./Drivers/STM32F4xx_HAL_Driver/Src/stm32f4xx_hal_tim_ex.o
                0x00000000080044a0                HAL_TIMEx_BreakCallback
 .text.HAL_UART_Init
                0x00000000080044b4       0x9a ./Drivers/STM32F4xx_HAL_Driver/Src/stm32f4xx_hal_uart.o
                0x00000000080044b4                HAL_UART_Init
 *fill*         0x000000000800454e        0x2 
 .text.UART_SetConfig
                0x0000000008004550      0x4e8 ./Drivers/STM32F4xx_HAL_Driver/Src/stm32f4xx_hal_uart.o
 .text.__NVIC_SetPriority
                0x0000000008004a38       0x54 ./Middlewares/Third_Party/FreeRTOS/Source/CMSIS_RTOS_V2/cmsis_os2.o
 .text.SysTick_Handler
                0x0000000008004a8c       0x20 ./Middlewares/Third_Party/FreeRTOS/Source/CMSIS_RTOS_V2/cmsis_os2.o
                0x0000000008004a8c                SysTick_Handler
 .text.SVC_Setup
                0x0000000008004aac       0x12 ./Middlewares/Third_Party/FreeRTOS/Source/CMSIS_RTOS_V2/cmsis_os2.o
 *fill*         0x0000000008004abe        0x2 
 .text.osKernelInitialize
                0x0000000008004ac0       0x48 ./Middlewares/Third_Party/FreeRTOS/Source/CMSIS_RTOS_V2/cmsis_os2.o
                0x0000000008004ac0                osKernelInitialize
 .text.osKernelStart
                0x0000000008004b08       0x4c ./Middlewares/Third_Party/FreeRTOS/Source/CMSIS_RTOS_V2/cmsis_os2.o
                0x0000000008004b08                osKernelStart
 .text.osThreadNew
                0x0000000008004b54      0x124 ./Middlewares/Third_Party/FreeRTOS/Source/CMSIS_RTOS_V2/cmsis_os2.o
                0x0000000008004b54                osThreadNew
 .text.osDelay  0x0000000008004c78       0x36 ./Middlewares/Third_Party/FreeRTOS/Source/CMSIS_RTOS_V2/cmsis_os2.o
                0x0000000008004c78                osDelay
 .text.osSemaphoreNew
                0x0000000008004cae      0x112 ./Middlewares/Third_Party/FreeRTOS/Source/CMSIS_RTOS_V2/cmsis_os2.o
                0x0000000008004cae                osSemaphoreNew
 .text.osMessageQueueNew
                0x0000000008004dc0       0xe6 ./Middlewares/Third_Party/FreeRTOS/Source/CMSIS_RTOS_V2/cmsis_os2.o
                0x0000000008004dc0                osMessageQueueNew
 *fill*         0x0000000008004ea6        0x2 
 .text.vApplicationGetIdleTaskMemory
                0x0000000008004ea8       0x34 ./Middlewares/Third_Party/FreeRTOS/Source/CMSIS_RTOS_V2/cmsis_os2.o
                0x0000000008004ea8                vApplicationGetIdleTaskMemory
 .text.vApplicationGetTimerTaskMemory
                0x0000000008004edc       0x34 ./Middlewares/Third_Party/FreeRTOS/Source/CMSIS_RTOS_V2/cmsis_os2.o
                0x0000000008004edc                vApplicationGetTimerTaskMemory
 .text.vListInitialise
                0x0000000008004f10       0x40 ./Middlewares/Third_Party/FreeRTOS/Source/list.o
                0x0000000008004f10                vListInitialise
 .text.vListInitialiseItem
                0x0000000008004f50       0x1a ./Middlewares/Third_Party/FreeRTOS/Source/list.o
                0x0000000008004f50                vListInitialiseItem
 .text.vListInsertEnd
                0x0000000008004f6a       0x48 ./Middlewares/Third_Party/FreeRTOS/Source/list.o
                0x0000000008004f6a                vListInsertEnd
 .text.vListInsert
                0x0000000008004fb2       0x72 ./Middlewares/Third_Party/FreeRTOS/Source/list.o
                0x0000000008004fb2                vListInsert
 .text.uxListRemove
                0x0000000008005024       0x54 ./Middlewares/Third_Party/FreeRTOS/Source/list.o
                0x0000000008005024                uxListRemove
 .text.xQueueGenericReset
                0x0000000008005078       0xd0 ./Middlewares/Third_Party/FreeRTOS/Source/queue.o
                0x0000000008005078                xQueueGenericReset
 .text.xQueueGenericCreateStatic
                0x0000000008005148       0xf0 ./Middlewares/Third_Party/FreeRTOS/Source/queue.o
                0x0000000008005148                xQueueGenericCreateStatic
 .text.xQueueGenericCreate
                0x0000000008005238       0x74 ./Middlewares/Third_Party/FreeRTOS/Source/queue.o
                0x0000000008005238                xQueueGenericCreate
 .text.prvInitialiseNewQueue
                0x00000000080052ac       0x46 ./Middlewares/Third_Party/FreeRTOS/Source/queue.o
 .text.xQueueCreateCountingSemaphoreStatic
                0x00000000080052f2       0x6e ./Middlewares/Third_Party/FreeRTOS/Source/queue.o
                0x00000000080052f2                xQueueCreateCountingSemaphoreStatic
 .text.xQueueCreateCountingSemaphore
                0x0000000008005360       0x66 ./Middlewares/Third_Party/FreeRTOS/Source/queue.o
                0x0000000008005360                xQueueCreateCountingSemaphore
 *fill*         0x00000000080053c6        0x2 
 .text.xQueueGenericSend
                0x00000000080053c8      0x1fc ./Middlewares/Third_Party/FreeRTOS/Source/queue.o
                0x00000000080053c8                xQueueGenericSend
 .text.xQueueGenericSendFromISR
                0x00000000080055c4      0x136 ./Middlewares/Third_Party/FreeRTOS/Source/queue.o
                0x00000000080055c4                xQueueGenericSendFromISR
 *fill*         0x00000000080056fa        0x2 
 .text.xQueueReceive
                0x00000000080056fc      0x1c0 ./Middlewares/Third_Party/FreeRTOS/Source/queue.o
                0x00000000080056fc                xQueueReceive
 .text.vQueueDelete
                0x00000000080058bc       0x46 ./Middlewares/Third_Party/FreeRTOS/Source/queue.o
                0x00000000080058bc                vQueueDelete
 .text.prvCopyDataToQueue
                0x0000000008005902       0xd4 ./Middlewares/Third_Party/FreeRTOS/Source/queue.o
 .text.prvCopyDataFromQueue
                0x00000000080059d6       0x4c ./Middlewares/Third_Party/FreeRTOS/Source/queue.o
 .text.prvUnlockQueue
                0x0000000008005a22       0xa4 ./Middlewares/Third_Party/FreeRTOS/Source/queue.o
 .text.prvIsQueueEmpty
                0x0000000008005ac6       0x2c ./Middlewares/Third_Party/FreeRTOS/Source/queue.o
 .text.prvIsQueueFull
                0x0000000008005af2       0x30 ./Middlewares/Third_Party/FreeRTOS/Source/queue.o
 *fill*         0x0000000008005b22        0x2 
 .text.vQueueAddToRegistry
                0x0000000008005b24       0x54 ./Middlewares/Third_Party/FreeRTOS/Source/queue.o
                0x0000000008005b24                vQueueAddToRegistry
 .text.vQueueUnregisterQueue
                0x0000000008005b78       0x54 ./Middlewares/Third_Party/FreeRTOS/Source/queue.o
                0x0000000008005b78                vQueueUnregisterQueue
 .text.vQueueWaitForMessageRestricted
                0x0000000008005bcc       0x68 ./Middlewares/Third_Party/FreeRTOS/Source/queue.o
                0x0000000008005bcc                vQueueWaitForMessageRestricted
 .text.xTaskCreateStatic
                0x0000000008005c34       0xba ./Middlewares/Third_Party/FreeRTOS/Source/tasks.o
                0x0000000008005c34                xTaskCreateStatic
 .text.xTaskCreate
                0x0000000008005cee       0x8a ./Middlewares/Third_Party/FreeRTOS/Source/tasks.o
                0x0000000008005cee                xTaskCreate
 .text.prvInitialiseNewTask
                0x0000000008005d78      0x14c ./Middlewares/Third_Party/FreeRTOS/Source/tasks.o
 .text.prvAddNewTaskToReadyList
                0x0000000008005ec4       0xe0 ./Middlewares/Third_Party/FreeRTOS/Source/tasks.o
 .text.vTaskDelay
                0x0000000008005fa4       0x68 ./Middlewares/Third_Party/FreeRTOS/Source/tasks.o
                0x0000000008005fa4                vTaskDelay
 .text.vTaskStartScheduler
                0x000000000800600c       0xe0 ./Middlewares/Third_Party/FreeRTOS/Source/tasks.o
                0x000000000800600c                vTaskStartScheduler
 .text.vTaskSuspendAll
                0x00000000080060ec       0x1c ./Middlewares/Third_Party/FreeRTOS/Source/tasks.o
                0x00000000080060ec                vTaskSuspendAll
 .text.xTaskResumeAll
                0x0000000008006108      0x13c ./Middlewares/Third_Party/FreeRTOS/Source/tasks.o
                0x0000000008006108                xTaskResumeAll
 .text.xTaskGetTickCount
                0x0000000008006244       0x20 ./Middlewares/Third_Party/FreeRTOS/Source/tasks.o
                0x0000000008006244                xTaskGetTickCount
 .text.xTaskIncrementTick
                0x0000000008006264      0x174 ./Middlewares/Third_Party/FreeRTOS/Source/tasks.o
                0x0000000008006264                xTaskIncrementTick
 .text.vTaskSwitchContext
                0x00000000080063d8       0xc8 ./Middlewares/Third_Party/FreeRTOS/Source/tasks.o
                0x00000000080063d8                vTaskSwitchContext
 .text.vTaskPlaceOnEventList
                0x00000000080064a0       0x48 ./Middlewares/Third_Party/FreeRTOS/Source/tasks.o
                0x00000000080064a0                vTaskPlaceOnEventList
 .text.vTaskPlaceOnEventListRestricted
                0x00000000080064e8       0x58 ./Middlewares/Third_Party/FreeRTOS/Source/tasks.o
                0x00000000080064e8                vTaskPlaceOnEventListRestricted
 .text.xTaskRemoveFromEventList
                0x0000000008006540       0xc8 ./Middlewares/Third_Party/FreeRTOS/Source/tasks.o
                0x0000000008006540                xTaskRemoveFromEventList
 .text.vTaskInternalSetTimeOutState
                0x0000000008006608       0x2c ./Middlewares/Third_Party/FreeRTOS/Source/tasks.o
                0x0000000008006608                vTaskInternalSetTimeOutState
 .text.xTaskCheckForTimeOut
                0x0000000008006634       0xc4 ./Middlewares/Third_Party/FreeRTOS/Source/tasks.o
                0x0000000008006634                xTaskCheckForTimeOut
 .text.vTaskMissedYield
                0x00000000080066f8       0x18 ./Middlewares/Third_Party/FreeRTOS/Source/tasks.o
                0x00000000080066f8                vTaskMissedYield
 .text.prvIdleTask
                0x0000000008006710       0x30 ./Middlewares/Third_Party/FreeRTOS/Source/tasks.o
 .text.prvInitialiseTaskLists
                0x0000000008006740       0x80 ./Middlewares/Third_Party/FreeRTOS/Source/tasks.o
 .text.prvCheckTasksWaitingTermination
                0x00000000080067c0       0x5c ./Middlewares/Third_Party/FreeRTOS/Source/tasks.o
 .text.prvDeleteTCB
                0x000000000800681c       0x68 ./Middlewares/Third_Party/FreeRTOS/Source/tasks.o
 .text.prvResetNextTaskUnblockTime
                0x0000000008006884       0x40 ./Middlewares/Third_Party/FreeRTOS/Source/tasks.o
 .text.xTaskGetSchedulerState
                0x00000000080068c4       0x3c ./Middlewares/Third_Party/FreeRTOS/Source/tasks.o
                0x00000000080068c4                xTaskGetSchedulerState
 .text.xTaskPriorityDisinherit
                0x0000000008006900       0xdc ./Middlewares/Third_Party/FreeRTOS/Source/tasks.o
                0x0000000008006900                xTaskPriorityDisinherit
 .text.prvAddCurrentTaskToDelayedList
                0x00000000080069dc       0xa8 ./Middlewares/Third_Party/FreeRTOS/Source/tasks.o
 .text.xTimerCreateTimerTask
                0x0000000008006a84       0x90 ./Middlewares/Third_Party/FreeRTOS/Source/timers.o
                0x0000000008006a84                xTimerCreateTimerTask
 .text.xTimerGenericCommand
                0x0000000008006b14       0x9c ./Middlewares/Third_Party/FreeRTOS/Source/timers.o
                0x0000000008006b14                xTimerGenericCommand
 .text.prvProcessExpiredTimer
                0x0000000008006bb0       0x98 ./Middlewares/Third_Party/FreeRTOS/Source/timers.o
 .text.prvTimerTask
                0x0000000008006c48       0x24 ./Middlewares/Third_Party/FreeRTOS/Source/timers.o
 .text.prvProcessTimerOrBlockTask
                0x0000000008006c6c       0x9c ./Middlewares/Third_Party/FreeRTOS/Source/timers.o
 .text.prvGetNextExpireTime
                0x0000000008006d08       0x48 ./Middlewares/Third_Party/FreeRTOS/Source/timers.o
 .text.prvSampleTimeNow
                0x0000000008006d50       0x40 ./Middlewares/Third_Party/FreeRTOS/Source/timers.o
 .text.prvInsertTimerInActiveList
                0x0000000008006d90       0x84 ./Middlewares/Third_Party/FreeRTOS/Source/timers.o
 .text.prvProcessReceivedCommands
                0x0000000008006e14      0x1c4 ./Middlewares/Third_Party/FreeRTOS/Source/timers.o
 .text.prvSwitchTimerLists
                0x0000000008006fd8       0xc8 ./Middlewares/Third_Party/FreeRTOS/Source/timers.o
 .text.prvCheckForValidListAndQueue
                0x00000000080070a0       0x80 ./Middlewares/Third_Party/FreeRTOS/Source/timers.o
 .text.pxPortInitialiseStack
                0x0000000008007120       0x68 ./Middlewares/Third_Party/FreeRTOS/Source/portable/GCC/ARM_CM4F/port.o
                0x0000000008007120                pxPortInitialiseStack
 .text.prvTaskExitError
                0x0000000008007188       0x58 ./Middlewares/Third_Party/FreeRTOS/Source/portable/GCC/ARM_CM4F/port.o
 .text.SVC_Handler
                0x00000000080071e0       0x28 ./Middlewares/Third_Party/FreeRTOS/Source/portable/GCC/ARM_CM4F/port.o
                0x00000000080071e0                SVC_Handler
 .text.prvPortStartFirstTask
                0x0000000008007208       0x28 ./Middlewares/Third_Party/FreeRTOS/Source/portable/GCC/ARM_CM4F/port.o
 .text.xPortStartScheduler
                0x0000000008007230      0x144 ./Middlewares/Third_Party/FreeRTOS/Source/portable/GCC/ARM_CM4F/port.o
                0x0000000008007230                xPortStartScheduler
 .text.vPortEnterCritical
                0x0000000008007374       0x60 ./Middlewares/Third_Party/FreeRTOS/Source/portable/GCC/ARM_CM4F/port.o
                0x0000000008007374                vPortEnterCritical
 .text.vPortExitCritical
                0x00000000080073d4       0x54 ./Middlewares/Third_Party/FreeRTOS/Source/portable/GCC/ARM_CM4F/port.o
                0x00000000080073d4                vPortExitCritical
 *fill*         0x0000000008007428        0x8 
 .text.PendSV_Handler
                0x0000000008007430       0x68 ./Middlewares/Third_Party/FreeRTOS/Source/portable/GCC/ARM_CM4F/port.o
                0x0000000008007430                PendSV_Handler
 .text.xPortSysTickHandler
                0x0000000008007498       0x44 ./Middlewares/Third_Party/FreeRTOS/Source/portable/GCC/ARM_CM4F/port.o
                0x0000000008007498                xPortSysTickHandler
 .text.vPortSetupTimerInterrupt
                0x00000000080074dc       0x48 ./Middlewares/Third_Party/FreeRTOS/Source/portable/GCC/ARM_CM4F/port.o
                0x00000000080074dc                vPortSetupTimerInterrupt
 .text.vPortEnableVFP
                0x0000000008007524       0x14 ./Middlewares/Third_Party/FreeRTOS/Source/portable/GCC/ARM_CM4F/port.o
 .text.vPortValidateInterruptPriority
                0x0000000008007538       0x80 ./Middlewares/Third_Party/FreeRTOS/Source/portable/GCC/ARM_CM4F/port.o
                0x0000000008007538                vPortValidateInterruptPriority
 .text.pvPortMalloc
                0x00000000080075b8      0x198 ./Middlewares/Third_Party/FreeRTOS/Source/portable/MemMang/heap_4.o
                0x00000000080075b8                pvPortMalloc
 .text.vPortFree
                0x0000000008007750       0xc4 ./Middlewares/Third_Party/FreeRTOS/Source/portable/MemMang/heap_4.o
                0x0000000008007750                vPortFree
 .text.prvHeapInit
                0x0000000008007814       0xc4 ./Middlewares/Third_Party/FreeRTOS/Source/portable/MemMang/heap_4.o
 .text.prvInsertBlockIntoFreeList
                0x00000000080078d8       0xb4 ./Middlewares/Third_Party/FreeRTOS/Source/portable/MemMang/heap_4.o
 .text.__libc_init_array
                0x000000000800798c       0x48 /opt/st/stm32cubeide_1.11.2/plugins/com.st.stm32cube.ide.mcu.externaltools.gnu-tools-for-stm32.10.3-2021.10.linux64_1.0.100.202210260954/tools/bin/../lib/gcc/arm-none-eabi/10.3.1/../../../../arm-none-eabi/lib/thumb/v7e-m+fp/hard/libc_nano.a(lib_a-init.o)
                0x000000000800798c                __libc_init_array
 .text.__retarget_lock_acquire_recursive
                0x00000000080079d4        0x2 /opt/st/stm32cubeide_1.11.2/plugins/com.st.stm32cube.ide.mcu.externaltools.gnu-tools-for-stm32.10.3-2021.10.linux64_1.0.100.202210260954/tools/bin/../lib/gcc/arm-none-eabi/10.3.1/../../../../arm-none-eabi/lib/thumb/v7e-m+fp/hard/libc_nano.a(lib_a-lock.o)
                0x00000000080079d4                __retarget_lock_acquire_recursive
 .text.__retarget_lock_release_recursive
                0x00000000080079d6        0x2 /opt/st/stm32cubeide_1.11.2/plugins/com.st.stm32cube.ide.mcu.externaltools.gnu-tools-for-stm32.10.3-2021.10.linux64_1.0.100.202210260954/tools/bin/../lib/gcc/arm-none-eabi/10.3.1/../../../../arm-none-eabi/lib/thumb/v7e-m+fp/hard/libc_nano.a(lib_a-lock.o)
                0x00000000080079d6                __retarget_lock_release_recursive
 .text.memcpy   0x00000000080079d8       0x1c /opt/st/stm32cubeide_1.11.2/plugins/com.st.stm32cube.ide.mcu.externaltools.gnu-tools-for-stm32.10.3-2021.10.linux64_1.0.100.202210260954/tools/bin/../lib/gcc/arm-none-eabi/10.3.1/../../../../arm-none-eabi/lib/thumb/v7e-m+fp/hard/libc_nano.a(lib_a-memcpy-stub.o)
                0x00000000080079d8                memcpy
 .text.memset   0x00000000080079f4       0x10 /opt/st/stm32cubeide_1.11.2/plugins/com.st.stm32cube.ide.mcu.externaltools.gnu-tools-for-stm32.10.3-2021.10.linux64_1.0.100.202210260954/tools/bin/../lib/gcc/arm-none-eabi/10.3.1/../../../../arm-none-eabi/lib/thumb/v7e-m+fp/hard/libc_nano.a(lib_a-memset.o)
                0x00000000080079f4                memset
 .text.cleanup_glue
                0x0000000008007a04       0x1a /opt/st/stm32cubeide_1.11.2/plugins/com.st.stm32cube.ide.mcu.externaltools.gnu-tools-for-stm32.10.3-2021.10.linux64_1.0.100.202210260954/tools/bin/../lib/gcc/arm-none-eabi/10.3.1/../../../../arm-none-eabi/lib/thumb/v7e-m+fp/hard/libc_nano.a(lib_a-reent.o)
                0x0000000008007a04                cleanup_glue
 *fill*         0x0000000008007a1e        0x2 
 .text._reclaim_reent
                0x0000000008007a20       0xb8 /opt/st/stm32cubeide_1.11.2/plugins/com.st.stm32cube.ide.mcu.externaltools.gnu-tools-for-stm32.10.3-2021.10.linux64_1.0.100.202210260954/tools/bin/../lib/gcc/arm-none-eabi/10.3.1/../../../../arm-none-eabi/lib/thumb/v7e-m+fp/hard/libc_nano.a(lib_a-reent.o)
                0x0000000008007a20                _reclaim_reent
 .text.__malloc_lock
                0x0000000008007ad8        0xc /opt/st/stm32cubeide_1.11.2/plugins/com.st.stm32cube.ide.mcu.externaltools.gnu-tools-for-stm32.10.3-2021.10.linux64_1.0.100.202210260954/tools/bin/../lib/gcc/arm-none-eabi/10.3.1/../../../../arm-none-eabi/lib/thumb/v7e-m+fp/hard/libc_nano.a(lib_a-mlock.o)
                0x0000000008007ad8                __malloc_lock
 .text.__malloc_unlock
                0x0000000008007ae4        0xc /opt/st/stm32cubeide_1.11.2/plugins/com.st.stm32cube.ide.mcu.externaltools.gnu-tools-for-stm32.10.3-2021.10.linux64_1.0.100.202210260954/tools/bin/../lib/gcc/arm-none-eabi/10.3.1/../../../../arm-none-eabi/lib/thumb/v7e-m+fp/hard/libc_nano.a(lib_a-mlock.o)
                0x0000000008007ae4                __malloc_unlock
 .text._free_r  0x0000000008007af0       0x98 /opt/st/stm32cubeide_1.11.2/plugins/com.st.stm32cube.ide.mcu.externaltools.gnu-tools-for-stm32.10.3-2021.10.linux64_1.0.100.202210260954/tools/bin/../lib/gcc/arm-none-eabi/10.3.1/../../../../arm-none-eabi/lib/thumb/v7e-m+fp/hard/libc_nano.a(lib_a-nano-freer.o)
                0x0000000008007af0                _free_r
 *(.glue_7)
 .glue_7        0x0000000008007b88        0x0 linker stubs
 *(.glue_7t)
 .glue_7t       0x0000000008007b88        0x0 linker stubs
 *(.eh_frame)
 .eh_frame      0x0000000008007b88        0x0 /opt/st/stm32cubeide_1.11.2/plugins/com.st.stm32cube.ide.mcu.externaltools.gnu-tools-for-stm32.10.3-2021.10.linux64_1.0.100.202210260954/tools/bin/../lib/gcc/arm-none-eabi/10.3.1/thumb/v7e-m+fp/hard/crtbegin.o
 *(.init)
 .init          0x0000000008007b88        0x4 /opt/st/stm32cubeide_1.11.2/plugins/com.st.stm32cube.ide.mcu.externaltools.gnu-tools-for-stm32.10.3-2021.10.linux64_1.0.100.202210260954/tools/bin/../lib/gcc/arm-none-eabi/10.3.1/thumb/v7e-m+fp/hard/crti.o
                0x0000000008007b88                _init
 .init          0x0000000008007b8c        0x8 /opt/st/stm32cubeide_1.11.2/plugins/com.st.stm32cube.ide.mcu.externaltools.gnu-tools-for-stm32.10.3-2021.10.linux64_1.0.100.202210260954/tools/bin/../lib/gcc/arm-none-eabi/10.3.1/thumb/v7e-m+fp/hard/crtn.o
 *(.fini)
 .fini          0x0000000008007b94        0x4 /opt/st/stm32cubeide_1.11.2/plugins/com.st.stm32cube.ide.mcu.externaltools.gnu-tools-for-stm32.10.3-2021.10.linux64_1.0.100.202210260954/tools/bin/../lib/gcc/arm-none-eabi/10.3.1/thumb/v7e-m+fp/hard/crti.o
                0x0000000008007b94                _fini
 .fini          0x0000000008007b98        0x8 /opt/st/stm32cubeide_1.11.2/plugins/com.st.stm32cube.ide.mcu.externaltools.gnu-tools-for-stm32.10.3-2021.10.linux64_1.0.100.202210260954/tools/bin/../lib/gcc/arm-none-eabi/10.3.1/thumb/v7e-m+fp/hard/crtn.o
                0x0000000008007ba0                . = ALIGN (0x4)
                0x0000000008007ba0                _etext = .

.vfp11_veneer   0x0000000008007ba0        0x0
 .vfp11_veneer  0x0000000008007ba0        0x0 linker stubs

.v4_bx          0x0000000008007ba0        0x0
 .v4_bx         0x0000000008007ba0        0x0 linker stubs

.iplt           0x0000000008007ba0        0x0
 .iplt          0x0000000008007ba0        0x0 /opt/st/stm32cubeide_1.11.2/plugins/com.st.stm32cube.ide.mcu.externaltools.gnu-tools-for-stm32.10.3-2021.10.linux64_1.0.100.202210260954/tools/bin/../lib/gcc/arm-none-eabi/10.3.1/thumb/v7e-m+fp/hard/crtbegin.o

.rodata         0x0000000008007ba0      0x180
                0x0000000008007ba0                . = ALIGN (0x4)
 *(.rodata)
 .rodata        0x0000000008007ba0       0x42 ./Core/Src/main.o
 *fill*         0x0000000008007be2        0x2 
 .rodata        0x0000000008007be4        0x5 ./Middlewares/Third_Party/FreeRTOS/Source/tasks.o
 *fill*         0x0000000008007be9        0x3 
 .rodata        0x0000000008007bec        0xd ./Middlewares/Third_Party/FreeRTOS/Source/timers.o
 *(.rodata*)
 *fill*         0x0000000008007bf9        0x3 
 .rodata.defaultTask_attributes
                0x0000000008007bfc       0x24 ./Core/Src/main.o
                0x0000000008007bfc                defaultTask_attributes
 .rodata.tx_task_attributes
                0x0000000008007c20       0x24 ./Core/Src/main.o
                0x0000000008007c20                tx_task_attributes
 .rodata.rx_Task_attributes
                0x0000000008007c44       0x24 ./Core/Src/main.o
                0x0000000008007c44                rx_Task_attributes
 .rodata.RQueue_attributes
                0x0000000008007c68       0x18 ./Core/Src/main.o
                0x0000000008007c68                RQueue_attributes
 .rodata.DATAQueue_attributes
                0x0000000008007c80       0x18 ./Core/Src/main.o
                0x0000000008007c80                DATAQueue_attributes
 .rodata.semFromNrfIRQ_Pin_attributes
                0x0000000008007c98       0x10 ./Core/Src/main.o
                0x0000000008007c98                semFromNrfIRQ_Pin_attributes
 .rodata.AHBPrescTable
                0x0000000008007ca8       0x10 ./Core/Src/system_stm32f4xx.o
                0x0000000008007ca8                AHBPrescTable
 .rodata.APBPrescTable
                0x0000000008007cb8        0x8 ./Core/Src/system_stm32f4xx.o
                0x0000000008007cb8                APBPrescTable
 .rodata.__sf_fake_stderr
                0x0000000008007cc0       0x20 /opt/st/stm32cubeide_1.11.2/plugins/com.st.stm32cube.ide.mcu.externaltools.gnu-tools-for-stm32.10.3-2021.10.linux64_1.0.100.202210260954/tools/bin/../lib/gcc/arm-none-eabi/10.3.1/../../../../arm-none-eabi/lib/thumb/v7e-m+fp/hard/libc_nano.a(lib_a-findfp.o)
                0x0000000008007cc0                __sf_fake_stderr
 .rodata.__sf_fake_stdin
                0x0000000008007ce0       0x20 /opt/st/stm32cubeide_1.11.2/plugins/com.st.stm32cube.ide.mcu.externaltools.gnu-tools-for-stm32.10.3-2021.10.linux64_1.0.100.202210260954/tools/bin/../lib/gcc/arm-none-eabi/10.3.1/../../../../arm-none-eabi/lib/thumb/v7e-m+fp/hard/libc_nano.a(lib_a-findfp.o)
                0x0000000008007ce0                __sf_fake_stdin
 .rodata.__sf_fake_stdout
                0x0000000008007d00       0x20 /opt/st/stm32cubeide_1.11.2/plugins/com.st.stm32cube.ide.mcu.externaltools.gnu-tools-for-stm32.10.3-2021.10.linux64_1.0.100.202210260954/tools/bin/../lib/gcc/arm-none-eabi/10.3.1/../../../../arm-none-eabi/lib/thumb/v7e-m+fp/hard/libc_nano.a(lib_a-findfp.o)
                0x0000000008007d00                __sf_fake_stdout
                0x0000000008007d20                . = ALIGN (0x4)

.ARM.extab      0x0000000008007d20        0x0
                0x0000000008007d20                . = ALIGN (0x4)
 *(.ARM.extab* .gnu.linkonce.armextab.*)
                0x0000000008007d20                . = ALIGN (0x4)

.ARM            0x0000000008007d20        0x8
                0x0000000008007d20                . = ALIGN (0x4)
                0x0000000008007d20                __exidx_start = .
 *(.ARM.exidx*)
 .ARM.exidx     0x0000000008007d20        0x8 /opt/st/stm32cubeide_1.11.2/plugins/com.st.stm32cube.ide.mcu.externaltools.gnu-tools-for-stm32.10.3-2021.10.linux64_1.0.100.202210260954/tools/bin/../lib/gcc/arm-none-eabi/10.3.1/thumb/v7e-m+fp/hard/libgcc.a(_udivmoddi4.o)
                0x0000000008007d28                __exidx_end = .
                0x0000000008007d28                . = ALIGN (0x4)

.rel.dyn        0x0000000008007d28        0x0
 .rel.iplt      0x0000000008007d28        0x0 /opt/st/stm32cubeide_1.11.2/plugins/com.st.stm32cube.ide.mcu.externaltools.gnu-tools-for-stm32.10.3-2021.10.linux64_1.0.100.202210260954/tools/bin/../lib/gcc/arm-none-eabi/10.3.1/thumb/v7e-m+fp/hard/crtbegin.o

.preinit_array  0x0000000008007d28        0x0
                0x0000000008007d28                . = ALIGN (0x4)
                0x0000000008007d28                PROVIDE (__preinit_array_start = .)
 *(.preinit_array*)
                0x0000000008007d28                PROVIDE (__preinit_array_end = .)
                0x0000000008007d28                . = ALIGN (0x4)

.init_array     0x0000000008007d28        0x4
                0x0000000008007d28                . = ALIGN (0x4)
                0x0000000008007d28                PROVIDE (__init_array_start = .)
 *(SORT_BY_NAME(.init_array.*))
 *(.init_array*)
 .init_array    0x0000000008007d28        0x4 /opt/st/stm32cubeide_1.11.2/plugins/com.st.stm32cube.ide.mcu.externaltools.gnu-tools-for-stm32.10.3-2021.10.linux64_1.0.100.202210260954/tools/bin/../lib/gcc/arm-none-eabi/10.3.1/thumb/v7e-m+fp/hard/crtbegin.o
                0x0000000008007d2c                PROVIDE (__init_array_end = .)
                0x0000000008007d2c                . = ALIGN (0x4)

.fini_array     0x0000000008007d2c        0x4
                0x0000000008007d2c                . = ALIGN (0x4)
                [!provide]                        PROVIDE (__fini_array_start = .)
 *(SORT_BY_NAME(.fini_array.*))
 *(.fini_array*)
 .fini_array    0x0000000008007d2c        0x4 /opt/st/stm32cubeide_1.11.2/plugins/com.st.stm32cube.ide.mcu.externaltools.gnu-tools-for-stm32.10.3-2021.10.linux64_1.0.100.202210260954/tools/bin/../lib/gcc/arm-none-eabi/10.3.1/thumb/v7e-m+fp/hard/crtbegin.o
                [!provide]                        PROVIDE (__fini_array_end = .)
                0x0000000008007d30                . = ALIGN (0x4)
                0x0000000008007d30                _sidata = LOADADDR (.data)

.data           0x0000000020000000       0x78 load address 0x0000000008007d30
                0x0000000020000000                . = ALIGN (0x4)
                0x0000000020000000                _sdata = .
 *(.data)
 *(.data*)
 .data.SystemCoreClock
                0x0000000020000000        0x4 ./Core/Src/system_stm32f4xx.o
                0x0000000020000000                SystemCoreClock
 .data.TX_ADDRESS
                0x0000000020000004        0x3 ./Core/Src/nrf24L01/nrf24L01.o
                0x0000000020000004                TX_ADDRESS
 *fill*         0x0000000020000007        0x1 
 .data.uwTickPrio
                0x0000000020000008        0x4 ./Drivers/STM32F4xx_HAL_Driver/Src/stm32f4xx_hal.o
                0x0000000020000008                uwTickPrio
 .data.uwTickFreq
                0x000000002000000c        0x1 ./Drivers/STM32F4xx_HAL_Driver/Src/stm32f4xx_hal.o
                0x000000002000000c                uwTickFreq
 *fill*         0x000000002000000d        0x3 
 .data.uxCriticalNesting
                0x0000000020000010        0x4 ./Middlewares/Third_Party/FreeRTOS/Source/portable/GCC/ARM_CM4F/port.o
 .data._impure_ptr
                0x0000000020000014        0x4 /opt/st/stm32cubeide_1.11.2/plugins/com.st.stm32cube.ide.mcu.externaltools.gnu-tools-for-stm32.10.3-2021.10.linux64_1.0.100.202210260954/tools/bin/../lib/gcc/arm-none-eabi/10.3.1/../../../../arm-none-eabi/lib/thumb/v7e-m+fp/hard/libc_nano.a(lib_a-impure.o)
                0x0000000020000014                _impure_ptr
 .data.impure_data
                0x0000000020000018       0x60 /opt/st/stm32cubeide_1.11.2/plugins/com.st.stm32cube.ide.mcu.externaltools.gnu-tools-for-stm32.10.3-2021.10.linux64_1.0.100.202210260954/tools/bin/../lib/gcc/arm-none-eabi/10.3.1/../../../../arm-none-eabi/lib/thumb/v7e-m+fp/hard/libc_nano.a(lib_a-impure.o)
 *(.RamFunc)
 *(.RamFunc*)
                0x0000000020000078                . = ALIGN (0x4)
                0x0000000020000078                _edata = .

.igot.plt       0x0000000020000078        0x0 load address 0x0000000008007da8
 .igot.plt      0x0000000020000078        0x0 /opt/st/stm32cubeide_1.11.2/plugins/com.st.stm32cube.ide.mcu.externaltools.gnu-tools-for-stm32.10.3-2021.10.linux64_1.0.100.202210260954/tools/bin/../lib/gcc/arm-none-eabi/10.3.1/thumb/v7e-m+fp/hard/crtbegin.o
                0x0000000020000078                . = ALIGN (0x4)

.bss            0x0000000020000078     0x4c0c load address 0x0000000008007da8
                0x0000000020000078                _sbss = .
                0x0000000020000078                __bss_start__ = _sbss
 *(.bss)
 .bss           0x0000000020000078       0x1c /opt/st/stm32cubeide_1.11.2/plugins/com.st.stm32cube.ide.mcu.externaltools.gnu-tools-for-stm32.10.3-2021.10.linux64_1.0.100.202210260954/tools/bin/../lib/gcc/arm-none-eabi/10.3.1/thumb/v7e-m+fp/hard/crtbegin.o
 *(.bss*)
 .bss.hadc1     0x0000000020000094       0x48 ./Core/Src/main.o
                0x0000000020000094                hadc1
 .bss.hspi2     0x00000000200000dc       0x58 ./Core/Src/main.o
                0x00000000200000dc                hspi2
 .bss.htim2     0x0000000020000134       0x48 ./Core/Src/main.o
                0x0000000020000134                htim2
 .bss.htim4     0x000000002000017c       0x48 ./Core/Src/main.o
                0x000000002000017c                htim4
 .bss.huart1    0x00000000200001c4       0x44 ./Core/Src/main.o
                0x00000000200001c4                huart1
 .bss.defaultTaskHandle
                0x0000000020000208        0x4 ./Core/Src/main.o
                0x0000000020000208                defaultTaskHandle
 .bss.tx_taskHandle
                0x000000002000020c        0x4 ./Core/Src/main.o
                0x000000002000020c                tx_taskHandle
 .bss.rx_TaskHandle
                0x0000000020000210        0x4 ./Core/Src/main.o
                0x0000000020000210                rx_TaskHandle
 .bss.RQueueHandle
                0x0000000020000214        0x4 ./Core/Src/main.o
                0x0000000020000214                RQueueHandle
 .bss.DATAQueueHandle
                0x0000000020000218        0x4 ./Core/Src/main.o
                0x0000000020000218                DATAQueueHandle
 .bss.semFromNrfIRQ_PinHandle
                0x000000002000021c        0x4 ./Core/Src/main.o
                0x000000002000021c                semFromNrfIRQ_PinHandle
 .bss.htim10    0x0000000020000220       0x48 ./Core/Src/stm32f4xx_hal_timebase_tim.o
                0x0000000020000220                htim10
 .bss.uwTick    0x0000000020000268        0x4 ./Drivers/STM32F4xx_HAL_Driver/Src/stm32f4xx_hal.o
                0x0000000020000268                uwTick
 .bss.KernelState
                0x000000002000026c        0x4 ./Middlewares/Third_Party/FreeRTOS/Source/CMSIS_RTOS_V2/cmsis_os2.o
 .bss.Idle_TCB.3
                0x0000000020000270       0xbc ./Middlewares/Third_Party/FreeRTOS/Source/CMSIS_RTOS_V2/cmsis_os2.o
 .bss.Idle_Stack.2
                0x000000002000032c      0x200 ./Middlewares/Third_Party/FreeRTOS/Source/CMSIS_RTOS_V2/cmsis_os2.o
 .bss.Timer_TCB.1
                0x000000002000052c       0xbc ./Middlewares/Third_Party/FreeRTOS/Source/CMSIS_RTOS_V2/cmsis_os2.o
 .bss.Timer_Stack.0
                0x00000000200005e8      0x400 ./Middlewares/Third_Party/FreeRTOS/Source/CMSIS_RTOS_V2/cmsis_os2.o
 .bss.xQueueRegistry
                0x00000000200009e8       0x40 ./Middlewares/Third_Party/FreeRTOS/Source/queue.o
                0x00000000200009e8                xQueueRegistry
 .bss.pxCurrentTCB
                0x0000000020000a28        0x4 ./Middlewares/Third_Party/FreeRTOS/Source/tasks.o
                0x0000000020000a28                pxCurrentTCB
 .bss.pxReadyTasksLists
                0x0000000020000a2c      0x460 ./Middlewares/Third_Party/FreeRTOS/Source/tasks.o
 .bss.xDelayedTaskList1
                0x0000000020000e8c       0x14 ./Middlewares/Third_Party/FreeRTOS/Source/tasks.o
 .bss.xDelayedTaskList2
                0x0000000020000ea0       0x14 ./Middlewares/Third_Party/FreeRTOS/Source/tasks.o
 .bss.pxDelayedTaskList
                0x0000000020000eb4        0x4 ./Middlewares/Third_Party/FreeRTOS/Source/tasks.o
 .bss.pxOverflowDelayedTaskList
                0x0000000020000eb8        0x4 ./Middlewares/Third_Party/FreeRTOS/Source/tasks.o
 .bss.xPendingReadyList
                0x0000000020000ebc       0x14 ./Middlewares/Third_Party/FreeRTOS/Source/tasks.o
 .bss.xTasksWaitingTermination
                0x0000000020000ed0       0x14 ./Middlewares/Third_Party/FreeRTOS/Source/tasks.o
 .bss.uxDeletedTasksWaitingCleanUp
                0x0000000020000ee4        0x4 ./Middlewares/Third_Party/FreeRTOS/Source/tasks.o
 .bss.xSuspendedTaskList
                0x0000000020000ee8       0x14 ./Middlewares/Third_Party/FreeRTOS/Source/tasks.o
 .bss.uxCurrentNumberOfTasks
                0x0000000020000efc        0x4 ./Middlewares/Third_Party/FreeRTOS/Source/tasks.o
 .bss.xTickCount
                0x0000000020000f00        0x4 ./Middlewares/Third_Party/FreeRTOS/Source/tasks.o
 .bss.uxTopReadyPriority
                0x0000000020000f04        0x4 ./Middlewares/Third_Party/FreeRTOS/Source/tasks.o
 .bss.xSchedulerRunning
                0x0000000020000f08        0x4 ./Middlewares/Third_Party/FreeRTOS/Source/tasks.o
 .bss.xPendedTicks
                0x0000000020000f0c        0x4 ./Middlewares/Third_Party/FreeRTOS/Source/tasks.o
 .bss.xYieldPending
                0x0000000020000f10        0x4 ./Middlewares/Third_Party/FreeRTOS/Source/tasks.o
 .bss.xNumOfOverflows
                0x0000000020000f14        0x4 ./Middlewares/Third_Party/FreeRTOS/Source/tasks.o
 .bss.uxTaskNumber
                0x0000000020000f18        0x4 ./Middlewares/Third_Party/FreeRTOS/Source/tasks.o
 .bss.xNextTaskUnblockTime
                0x0000000020000f1c        0x4 ./Middlewares/Third_Party/FreeRTOS/Source/tasks.o
 .bss.xIdleTaskHandle
                0x0000000020000f20        0x4 ./Middlewares/Third_Party/FreeRTOS/Source/tasks.o
 .bss.uxSchedulerSuspended
                0x0000000020000f24        0x4 ./Middlewares/Third_Party/FreeRTOS/Source/tasks.o
 .bss.xActiveTimerList1
                0x0000000020000f28       0x14 ./Middlewares/Third_Party/FreeRTOS/Source/timers.o
 .bss.xActiveTimerList2
                0x0000000020000f3c       0x14 ./Middlewares/Third_Party/FreeRTOS/Source/timers.o
 .bss.pxCurrentTimerList
                0x0000000020000f50        0x4 ./Middlewares/Third_Party/FreeRTOS/Source/timers.o
 .bss.pxOverflowTimerList
                0x0000000020000f54        0x4 ./Middlewares/Third_Party/FreeRTOS/Source/timers.o
 .bss.xTimerQueue
                0x0000000020000f58        0x4 ./Middlewares/Third_Party/FreeRTOS/Source/timers.o
 .bss.xTimerTaskHandle
                0x0000000020000f5c        0x4 ./Middlewares/Third_Party/FreeRTOS/Source/timers.o
 .bss.xLastTime.2
                0x0000000020000f60        0x4 ./Middlewares/Third_Party/FreeRTOS/Source/timers.o
 .bss.ucStaticTimerQueueStorage.1
                0x0000000020000f64       0xa0 ./Middlewares/Third_Party/FreeRTOS/Source/timers.o
 .bss.xStaticTimerQueue.0
                0x0000000020001004       0x50 ./Middlewares/Third_Party/FreeRTOS/Source/timers.o
 .bss.ucMaxSysCallPriority
                0x0000000020001054        0x1 ./Middlewares/Third_Party/FreeRTOS/Source/portable/GCC/ARM_CM4F/port.o
 *fill*         0x0000000020001055        0x3 
 .bss.ulMaxPRIGROUPValue
                0x0000000020001058        0x4 ./Middlewares/Third_Party/FreeRTOS/Source/portable/GCC/ARM_CM4F/port.o
 .bss.ucHeap    0x000000002000105c     0x3c00 ./Middlewares/Third_Party/FreeRTOS/Source/portable/MemMang/heap_4.o
 .bss.xStart    0x0000000020004c5c        0x8 ./Middlewares/Third_Party/FreeRTOS/Source/portable/MemMang/heap_4.o
 .bss.pxEnd     0x0000000020004c64        0x4 ./Middlewares/Third_Party/FreeRTOS/Source/portable/MemMang/heap_4.o
 .bss.xFreeBytesRemaining
                0x0000000020004c68        0x4 ./Middlewares/Third_Party/FreeRTOS/Source/portable/MemMang/heap_4.o
 .bss.xMinimumEverFreeBytesRemaining
                0x0000000020004c6c        0x4 ./Middlewares/Third_Party/FreeRTOS/Source/portable/MemMang/heap_4.o
 .bss.xNumberOfSuccessfulAllocations
                0x0000000020004c70        0x4 ./Middlewares/Third_Party/FreeRTOS/Source/portable/MemMang/heap_4.o
 .bss.xNumberOfSuccessfulFrees
                0x0000000020004c74        0x4 ./Middlewares/Third_Party/FreeRTOS/Source/portable/MemMang/heap_4.o
 .bss.xBlockAllocatedBit
                0x0000000020004c78        0x4 ./Middlewares/Third_Party/FreeRTOS/Source/portable/MemMang/heap_4.o
 .bss.__lock___malloc_recursive_mutex
                0x0000000020004c7c        0x1 /opt/st/stm32cubeide_1.11.2/plugins/com.st.stm32cube.ide.mcu.externaltools.gnu-tools-for-stm32.10.3-2021.10.linux64_1.0.100.202210260954/tools/bin/../lib/gcc/arm-none-eabi/10.3.1/../../../../arm-none-eabi/lib/thumb/v7e-m+fp/hard/libc_nano.a(lib_a-lock.o)
                0x0000000020004c7c                __lock___malloc_recursive_mutex
 *fill*         0x0000000020004c7d        0x3 
 .bss.__malloc_free_list
                0x0000000020004c80        0x4 /opt/st/stm32cubeide_1.11.2/plugins/com.st.stm32cube.ide.mcu.externaltools.gnu-tools-for-stm32.10.3-2021.10.linux64_1.0.100.202210260954/tools/bin/../lib/gcc/arm-none-eabi/10.3.1/../../../../arm-none-eabi/lib/thumb/v7e-m+fp/hard/libc_nano.a(lib_a-nano-mallocr.o)
                0x0000000020004c80                __malloc_free_list
 *(COMMON)
                0x0000000020004c84                . = ALIGN (0x4)
                0x0000000020004c84                _ebss = .
                0x0000000020004c84                __bss_end__ = _ebss

._user_heap_stack
                0x0000000020004c84      0x604 load address 0x0000000008007da8
                0x0000000020004c88                . = ALIGN (0x8)
 *fill*         0x0000000020004c84        0x4 
                [!provide]                        PROVIDE (end = .)
                0x0000000020004c88                PROVIDE (_end = .)
                0x0000000020004e88                . = (. + _Min_Heap_Size)
 *fill*         0x0000000020004c88      0x200 
                0x0000000020005288                . = (. + _Min_Stack_Size)
 *fill*         0x0000000020004e88      0x400 
                0x0000000020005288                . = ALIGN (0x8)

/DISCARD/
 libc.a(*)
 libm.a(*)
 libgcc.a(*)

.ARM.attributes
                0x0000000000000000       0x30
 *(.ARM.attributes)
 .ARM.attributes
                0x0000000000000000       0x1e /opt/st/stm32cubeide_1.11.2/plugins/com.st.stm32cube.ide.mcu.externaltools.gnu-tools-for-stm32.10.3-2021.10.linux64_1.0.100.202210260954/tools/bin/../lib/gcc/arm-none-eabi/10.3.1/thumb/v7e-m+fp/hard/crti.o
 .ARM.attributes
                0x000000000000001e       0x34 /opt/st/stm32cubeide_1.11.2/plugins/com.st.stm32cube.ide.mcu.externaltools.gnu-tools-for-stm32.10.3-2021.10.linux64_1.0.100.202210260954/tools/bin/../lib/gcc/arm-none-eabi/10.3.1/thumb/v7e-m+fp/hard/crtbegin.o
 .ARM.attributes
                0x0000000000000052       0x34 ./Core/Src/main.o
 .ARM.attributes
                0x0000000000000086       0x34 ./Core/Src/stm32f4xx_hal_msp.o
 .ARM.attributes
                0x00000000000000ba       0x34 ./Core/Src/stm32f4xx_hal_timebase_tim.o
 .ARM.attributes
                0x00000000000000ee       0x34 ./Core/Src/stm32f4xx_it.o
 .ARM.attributes
                0x0000000000000122       0x34 ./Core/Src/system_stm32f4xx.o
 .ARM.attributes
                0x0000000000000156       0x34 ./Core/Src/nrf24L01/nrf24L01.o
 .ARM.attributes
                0x000000000000018a       0x21 ./Core/Startup/startup_stm32f401ccux.o
 .ARM.attributes
                0x00000000000001ab       0x34 ./Drivers/STM32F4xx_HAL_Driver/Src/stm32f4xx_hal.o
 .ARM.attributes
                0x00000000000001df       0x34 ./Drivers/STM32F4xx_HAL_Driver/Src/stm32f4xx_hal_adc.o
 .ARM.attributes
                0x0000000000000213       0x34 ./Drivers/STM32F4xx_HAL_Driver/Src/stm32f4xx_hal_adc_ex.o
 .ARM.attributes
                0x0000000000000247       0x34 ./Drivers/STM32F4xx_HAL_Driver/Src/stm32f4xx_hal_cortex.o
 .ARM.attributes
                0x000000000000027b       0x34 ./Drivers/STM32F4xx_HAL_Driver/Src/stm32f4xx_hal_gpio.o
 .ARM.attributes
                0x00000000000002af       0x34 ./Drivers/STM32F4xx_HAL_Driver/Src/stm32f4xx_hal_rcc.o
 .ARM.attributes
                0x00000000000002e3       0x34 ./Drivers/STM32F4xx_HAL_Driver/Src/stm32f4xx_hal_spi.o
 .ARM.attributes
                0x0000000000000317       0x34 ./Drivers/STM32F4xx_HAL_Driver/Src/stm32f4xx_hal_tim.o
 .ARM.attributes
                0x000000000000034b       0x34 ./Drivers/STM32F4xx_HAL_Driver/Src/stm32f4xx_hal_tim_ex.o
 .ARM.attributes
                0x000000000000037f       0x34 ./Drivers/STM32F4xx_HAL_Driver/Src/stm32f4xx_hal_uart.o
 .ARM.attributes
                0x00000000000003b3       0x34 ./Middlewares/Third_Party/FreeRTOS/Source/CMSIS_RTOS_V2/cmsis_os2.o
 .ARM.attributes
                0x00000000000003e7       0x34 ./Middlewares/Third_Party/FreeRTOS/Source/list.o
 .ARM.attributes
                0x000000000000041b       0x34 ./Middlewares/Third_Party/FreeRTOS/Source/queue.o
 .ARM.attributes
                0x000000000000044f       0x34 ./Middlewares/Third_Party/FreeRTOS/Source/tasks.o
 .ARM.attributes
                0x0000000000000483       0x34 ./Middlewares/Third_Party/FreeRTOS/Source/timers.o
 .ARM.attributes
                0x00000000000004b7       0x34 ./Middlewares/Third_Party/FreeRTOS/Source/portable/GCC/ARM_CM4F/port.o
 .ARM.attributes
                0x00000000000004eb       0x34 ./Middlewares/Third_Party/FreeRTOS/Source/portable/MemMang/heap_4.o
 .ARM.attributes
                0x000000000000051f       0x34 /opt/st/stm32cubeide_1.11.2/plugins/com.st.stm32cube.ide.mcu.externaltools.gnu-tools-for-stm32.10.3-2021.10.linux64_1.0.100.202210260954/tools/bin/../lib/gcc/arm-none-eabi/10.3.1/../../../../arm-none-eabi/lib/thumb/v7e-m+fp/hard/libc_nano.a(lib_a-findfp.o)
 .ARM.attributes
                0x0000000000000553       0x34 /opt/st/stm32cubeide_1.11.2/plugins/com.st.stm32cube.ide.mcu.externaltools.gnu-tools-for-stm32.10.3-2021.10.linux64_1.0.100.202210260954/tools/bin/../lib/gcc/arm-none-eabi/10.3.1/../../../../arm-none-eabi/lib/thumb/v7e-m+fp/hard/libc_nano.a(lib_a-impure.o)
 .ARM.attributes
                0x0000000000000587       0x34 /opt/st/stm32cubeide_1.11.2/plugins/com.st.stm32cube.ide.mcu.externaltools.gnu-tools-for-stm32.10.3-2021.10.linux64_1.0.100.202210260954/tools/bin/../lib/gcc/arm-none-eabi/10.3.1/../../../../arm-none-eabi/lib/thumb/v7e-m+fp/hard/libc_nano.a(lib_a-init.o)
 .ARM.attributes
                0x00000000000005bb       0x34 /opt/st/stm32cubeide_1.11.2/plugins/com.st.stm32cube.ide.mcu.externaltools.gnu-tools-for-stm32.10.3-2021.10.linux64_1.0.100.202210260954/tools/bin/../lib/gcc/arm-none-eabi/10.3.1/../../../../arm-none-eabi/lib/thumb/v7e-m+fp/hard/libc_nano.a(lib_a-lock.o)
 .ARM.attributes
                0x00000000000005ef       0x34 /opt/st/stm32cubeide_1.11.2/plugins/com.st.stm32cube.ide.mcu.externaltools.gnu-tools-for-stm32.10.3-2021.10.linux64_1.0.100.202210260954/tools/bin/../lib/gcc/arm-none-eabi/10.3.1/../../../../arm-none-eabi/lib/thumb/v7e-m+fp/hard/libc_nano.a(lib_a-memcpy-stub.o)
 .ARM.attributes
                0x0000000000000623       0x34 /opt/st/stm32cubeide_1.11.2/plugins/com.st.stm32cube.ide.mcu.externaltools.gnu-tools-for-stm32.10.3-2021.10.linux64_1.0.100.202210260954/tools/bin/../lib/gcc/arm-none-eabi/10.3.1/../../../../arm-none-eabi/lib/thumb/v7e-m+fp/hard/libc_nano.a(lib_a-memset.o)
 .ARM.attributes
                0x0000000000000657       0x34 /opt/st/stm32cubeide_1.11.2/plugins/com.st.stm32cube.ide.mcu.externaltools.gnu-tools-for-stm32.10.3-2021.10.linux64_1.0.100.202210260954/tools/bin/../lib/gcc/arm-none-eabi/10.3.1/../../../../arm-none-eabi/lib/thumb/v7e-m+fp/hard/libc_nano.a(lib_a-nano-mallocr.o)
 .ARM.attributes
                0x000000000000068b       0x34 /opt/st/stm32cubeide_1.11.2/plugins/com.st.stm32cube.ide.mcu.externaltools.gnu-tools-for-stm32.10.3-2021.10.linux64_1.0.100.202210260954/tools/bin/../lib/gcc/arm-none-eabi/10.3.1/../../../../arm-none-eabi/lib/thumb/v7e-m+fp/hard/libc_nano.a(lib_a-reent.o)
 .ARM.attributes
                0x00000000000006bf       0x34 /opt/st/stm32cubeide_1.11.2/plugins/com.st.stm32cube.ide.mcu.externaltools.gnu-tools-for-stm32.10.3-2021.10.linux64_1.0.100.202210260954/tools/bin/../lib/gcc/arm-none-eabi/10.3.1/../../../../arm-none-eabi/lib/thumb/v7e-m+fp/hard/libc_nano.a(lib_a-mlock.o)
 .ARM.attributes
                0x00000000000006f3       0x34 /opt/st/stm32cubeide_1.11.2/plugins/com.st.stm32cube.ide.mcu.externaltools.gnu-tools-for-stm32.10.3-2021.10.linux64_1.0.100.202210260954/tools/bin/../lib/gcc/arm-none-eabi/10.3.1/../../../../arm-none-eabi/lib/thumb/v7e-m+fp/hard/libc_nano.a(lib_a-nano-freer.o)
 .ARM.attributes
                0x0000000000000727       0x1e /opt/st/stm32cubeide_1.11.2/plugins/com.st.stm32cube.ide.mcu.externaltools.gnu-tools-for-stm32.10.3-2021.10.linux64_1.0.100.202210260954/tools/bin/../lib/gcc/arm-none-eabi/10.3.1/thumb/v7e-m+fp/hard/libgcc.a(_aeabi_uldivmod.o)
 .ARM.attributes
                0x0000000000000745       0x34 /opt/st/stm32cubeide_1.11.2/plugins/com.st.stm32cube.ide.mcu.externaltools.gnu-tools-for-stm32.10.3-2021.10.linux64_1.0.100.202210260954/tools/bin/../lib/gcc/arm-none-eabi/10.3.1/thumb/v7e-m+fp/hard/libgcc.a(_udivmoddi4.o)
 .ARM.attributes
                0x0000000000000779       0x1e /opt/st/stm32cubeide_1.11.2/plugins/com.st.stm32cube.ide.mcu.externaltools.gnu-tools-for-stm32.10.3-2021.10.linux64_1.0.100.202210260954/tools/bin/../lib/gcc/arm-none-eabi/10.3.1/thumb/v7e-m+fp/hard/libgcc.a(_dvmd_tls.o)
 .ARM.attributes
                0x0000000000000797       0x1e /opt/st/stm32cubeide_1.11.2/plugins/com.st.stm32cube.ide.mcu.externaltools.gnu-tools-for-stm32.10.3-2021.10.linux64_1.0.100.202210260954/tools/bin/../lib/gcc/arm-none-eabi/10.3.1/thumb/v7e-m+fp/hard/crtn.o
OUTPUT(nrf_TX_RX.elf elf32-littlearm)
LOAD linker stubs
LOAD /opt/st/stm32cubeide_1.11.2/plugins/com.st.stm32cube.ide.mcu.externaltools.gnu-tools-for-stm32.10.3-2021.10.linux64_1.0.100.202210260954/tools/bin/../lib/gcc/arm-none-eabi/10.3.1/../../../../arm-none-eabi/lib/thumb/v7e-m+fp/hard/libc.a
LOAD /opt/st/stm32cubeide_1.11.2/plugins/com.st.stm32cube.ide.mcu.externaltools.gnu-tools-for-stm32.10.3-2021.10.linux64_1.0.100.202210260954/tools/bin/../lib/gcc/arm-none-eabi/10.3.1/../../../../arm-none-eabi/lib/thumb/v7e-m+fp/hard/libm.a
LOAD /opt/st/stm32cubeide_1.11.2/plugins/com.st.stm32cube.ide.mcu.externaltools.gnu-tools-for-stm32.10.3-2021.10.linux64_1.0.100.202210260954/tools/bin/../lib/gcc/arm-none-eabi/10.3.1/thumb/v7e-m+fp/hard/libgcc.a

.debug_info     0x0000000000000000    0x1e3a9
 .debug_info    0x0000000000000000     0x214d ./Core/Src/main.o
 .debug_info    0x000000000000214d     0x1607 ./Core/Src/stm32f4xx_hal_msp.o
 .debug_info    0x0000000000003754      0xbca ./Core/Src/stm32f4xx_hal_timebase_tim.o
 .debug_info    0x000000000000431e      0x9cb ./Core/Src/stm32f4xx_it.o
 .debug_info    0x0000000000004ce9      0x54f ./Core/Src/system_stm32f4xx.o
 .debug_info    0x0000000000005238     0x11c6 ./Core/Src/nrf24L01/nrf24L01.o
 .debug_info    0x00000000000063fe       0x22 ./Core/Startup/startup_stm32f401ccux.o
 .debug_info    0x0000000000006420      0x906 ./Drivers/STM32F4xx_HAL_Driver/Src/stm32f4xx_hal.o
 .debug_info    0x0000000000006d26      0xd68 ./Drivers/STM32F4xx_HAL_Driver/Src/stm32f4xx_hal_adc.o
 .debug_info    0x0000000000007a8e      0xbd4 ./Drivers/STM32F4xx_HAL_Driver/Src/stm32f4xx_hal_adc_ex.o
 .debug_info    0x0000000000008662      0xd85 ./Drivers/STM32F4xx_HAL_Driver/Src/stm32f4xx_hal_cortex.o
 .debug_info    0x00000000000093e7      0x78e ./Drivers/STM32F4xx_HAL_Driver/Src/stm32f4xx_hal_gpio.o
 .debug_info    0x0000000000009b75      0x98c ./Drivers/STM32F4xx_HAL_Driver/Src/stm32f4xx_hal_rcc.o
 .debug_info    0x000000000000a501     0x1750 ./Drivers/STM32F4xx_HAL_Driver/Src/stm32f4xx_hal_spi.o
 .debug_info    0x000000000000bc51     0x2bb6 ./Drivers/STM32F4xx_HAL_Driver/Src/stm32f4xx_hal_tim.o
 .debug_info    0x000000000000e807     0x15d8 ./Drivers/STM32F4xx_HAL_Driver/Src/stm32f4xx_hal_tim_ex.o
 .debug_info    0x000000000000fddf     0x31b4 ./Drivers/STM32F4xx_HAL_Driver/Src/stm32f4xx_hal_uart.o
 .debug_info    0x0000000000012f93     0x42ab ./Middlewares/Third_Party/FreeRTOS/Source/CMSIS_RTOS_V2/cmsis_os2.o
 .debug_info    0x000000000001723e      0x2d1 ./Middlewares/Third_Party/FreeRTOS/Source/list.o
 .debug_info    0x000000000001750f     0x1cbf ./Middlewares/Third_Party/FreeRTOS/Source/queue.o
 .debug_info    0x00000000000191ce     0x2b40 ./Middlewares/Third_Party/FreeRTOS/Source/tasks.o
 .debug_info    0x000000000001bd0e     0x1c89 ./Middlewares/Third_Party/FreeRTOS/Source/timers.o
 .debug_info    0x000000000001d997      0x507 ./Middlewares/Third_Party/FreeRTOS/Source/portable/GCC/ARM_CM4F/port.o
 .debug_info    0x000000000001de9e      0x50b ./Middlewares/Third_Party/FreeRTOS/Source/portable/MemMang/heap_4.o

.debug_abbrev   0x0000000000000000     0x3b06
 .debug_abbrev  0x0000000000000000      0x31b ./Core/Src/main.o
 .debug_abbrev  0x000000000000031b      0x242 ./Core/Src/stm32f4xx_hal_msp.o
 .debug_abbrev  0x000000000000055d      0x1f7 ./Core/Src/stm32f4xx_hal_timebase_tim.o
 .debug_abbrev  0x0000000000000754      0x197 ./Core/Src/stm32f4xx_it.o
 .debug_abbrev  0x00000000000008eb      0x116 ./Core/Src/system_stm32f4xx.o
 .debug_abbrev  0x0000000000000a01      0x33d ./Core/Src/nrf24L01/nrf24L01.o
 .debug_abbrev  0x0000000000000d3e       0x12 ./Core/Startup/startup_stm32f401ccux.o
 .debug_abbrev  0x0000000000000d50      0x23e ./Drivers/STM32F4xx_HAL_Driver/Src/stm32f4xx_hal.o
 .debug_abbrev  0x0000000000000f8e      0x204 ./Drivers/STM32F4xx_HAL_Driver/Src/stm32f4xx_hal_adc.o
 .debug_abbrev  0x0000000000001192      0x21f ./Drivers/STM32F4xx_HAL_Driver/Src/stm32f4xx_hal_adc_ex.o
 .debug_abbrev  0x00000000000013b1      0x316 ./Drivers/STM32F4xx_HAL_Driver/Src/stm32f4xx_hal_cortex.o
 .debug_abbrev  0x00000000000016c7      0x1c4 ./Drivers/STM32F4xx_HAL_Driver/Src/stm32f4xx_hal_gpio.o
 .debug_abbrev  0x000000000000188b      0x2aa ./Drivers/STM32F4xx_HAL_Driver/Src/stm32f4xx_hal_rcc.o
 .debug_abbrev  0x0000000000001b35      0x26e ./Drivers/STM32F4xx_HAL_Driver/Src/stm32f4xx_hal_spi.o
 .debug_abbrev  0x0000000000001da3      0x26e ./Drivers/STM32F4xx_HAL_Driver/Src/stm32f4xx_hal_tim.o
 .debug_abbrev  0x0000000000002011      0x276 ./Drivers/STM32F4xx_HAL_Driver/Src/stm32f4xx_hal_tim_ex.o
 .debug_abbrev  0x0000000000002287      0x305 ./Drivers/STM32F4xx_HAL_Driver/Src/stm32f4xx_hal_uart.o
 .debug_abbrev  0x000000000000258c      0x529 ./Middlewares/Third_Party/FreeRTOS/Source/CMSIS_RTOS_V2/cmsis_os2.o
 .debug_abbrev  0x0000000000002ab5       0xf2 ./Middlewares/Third_Party/FreeRTOS/Source/list.o
 .debug_abbrev  0x0000000000002ba7      0x3a1 ./Middlewares/Third_Party/FreeRTOS/Source/queue.o
 .debug_abbrev  0x0000000000002f48      0x3f3 ./Middlewares/Third_Party/FreeRTOS/Source/tasks.o
 .debug_abbrev  0x000000000000333b      0x360 ./Middlewares/Third_Party/FreeRTOS/Source/timers.o
 .debug_abbrev  0x000000000000369b      0x259 ./Middlewares/Third_Party/FreeRTOS/Source/portable/GCC/ARM_CM4F/port.o
 .debug_abbrev  0x00000000000038f4      0x212 ./Middlewares/Third_Party/FreeRTOS/Source/portable/MemMang/heap_4.o

.debug_aranges  0x0000000000000000     0x1840
 .debug_aranges
                0x0000000000000000       0xa8 ./Core/Src/main.o
 .debug_aranges
                0x00000000000000a8       0x68 ./Core/Src/stm32f4xx_hal_msp.o
 .debug_aranges
                0x0000000000000110       0x30 ./Core/Src/stm32f4xx_hal_timebase_tim.o
 .debug_aranges
                0x0000000000000140       0x60 ./Core/Src/stm32f4xx_it.o
 .debug_aranges
                0x00000000000001a0       0x28 ./Core/Src/system_stm32f4xx.o
 .debug_aranges
                0x00000000000001c8       0xd0 ./Core/Src/nrf24L01/nrf24L01.o
 .debug_aranges
                0x0000000000000298       0x28 ./Core/Startup/startup_stm32f401ccux.o
 .debug_aranges
                0x00000000000002c0       0xf0 ./Drivers/STM32F4xx_HAL_Driver/Src/stm32f4xx_hal.o
 .debug_aranges
                0x00000000000003b0       0xe8 ./Drivers/STM32F4xx_HAL_Driver/Src/stm32f4xx_hal_adc.o
 .debug_aranges
                0x0000000000000498       0x90 ./Drivers/STM32F4xx_HAL_Driver/Src/stm32f4xx_hal_adc_ex.o
 .debug_aranges
                0x0000000000000528      0x118 ./Drivers/STM32F4xx_HAL_Driver/Src/stm32f4xx_hal_cortex.o
 .debug_aranges
                0x0000000000000640       0x58 ./Drivers/STM32F4xx_HAL_Driver/Src/stm32f4xx_hal_gpio.o
 .debug_aranges
                0x0000000000000698       0x88 ./Drivers/STM32F4xx_HAL_Driver/Src/stm32f4xx_hal_rcc.o
 .debug_aranges
                0x0000000000000720      0x1d0 ./Drivers/STM32F4xx_HAL_Driver/Src/stm32f4xx_hal_spi.o
 .debug_aranges
                0x00000000000008f0      0x3d0 ./Drivers/STM32F4xx_HAL_Driver/Src/stm32f4xx_hal_tim.o
 .debug_aranges
                0x0000000000000cc0      0x168 ./Drivers/STM32F4xx_HAL_Driver/Src/stm32f4xx_hal_tim_ex.o
 .debug_aranges
                0x0000000000000e28      0x200 ./Drivers/STM32F4xx_HAL_Driver/Src/stm32f4xx_hal_uart.o
 .debug_aranges
                0x0000000000001028      0x2b0 ./Middlewares/Third_Party/FreeRTOS/Source/CMSIS_RTOS_V2/cmsis_os2.o
 .debug_aranges
                0x00000000000012d8       0x40 ./Middlewares/Third_Party/FreeRTOS/Source/list.o
 .debug_aranges
                0x0000000000001318      0x158 ./Middlewares/Third_Party/FreeRTOS/Source/queue.o
 .debug_aranges
                0x0000000000001470      0x208 ./Middlewares/Third_Party/FreeRTOS/Source/tasks.o
 .debug_aranges
                0x0000000000001678       0xf0 ./Middlewares/Third_Party/FreeRTOS/Source/timers.o
 .debug_aranges
                0x0000000000001768       0x80 ./Middlewares/Third_Party/FreeRTOS/Source/portable/GCC/ARM_CM4F/port.o
 .debug_aranges
                0x00000000000017e8       0x58 ./Middlewares/Third_Party/FreeRTOS/Source/portable/MemMang/heap_4.o

.debug_ranges   0x0000000000000000     0x16f8
 .debug_ranges  0x0000000000000000       0x98 ./Core/Src/main.o
 .debug_ranges  0x0000000000000098       0x58 ./Core/Src/stm32f4xx_hal_msp.o
 .debug_ranges  0x00000000000000f0       0x20 ./Core/Src/stm32f4xx_hal_timebase_tim.o
 .debug_ranges  0x0000000000000110       0x50 ./Core/Src/stm32f4xx_it.o
 .debug_ranges  0x0000000000000160       0x18 ./Core/Src/system_stm32f4xx.o
 .debug_ranges  0x0000000000000178       0xc0 ./Core/Src/nrf24L01/nrf24L01.o
 .debug_ranges  0x0000000000000238       0x20 ./Core/Startup/startup_stm32f401ccux.o
 .debug_ranges  0x0000000000000258       0xe0 ./Drivers/STM32F4xx_HAL_Driver/Src/stm32f4xx_hal.o
 .debug_ranges  0x0000000000000338       0xd8 ./Drivers/STM32F4xx_HAL_Driver/Src/stm32f4xx_hal_adc.o
 .debug_ranges  0x0000000000000410       0x80 ./Drivers/STM32F4xx_HAL_Driver/Src/stm32f4xx_hal_adc_ex.o
 .debug_ranges  0x0000000000000490      0x108 ./Drivers/STM32F4xx_HAL_Driver/Src/stm32f4xx_hal_cortex.o
 .debug_ranges  0x0000000000000598       0x48 ./Drivers/STM32F4xx_HAL_Driver/Src/stm32f4xx_hal_gpio.o
 .debug_ranges  0x00000000000005e0       0x78 ./Drivers/STM32F4xx_HAL_Driver/Src/stm32f4xx_hal_rcc.o
 .debug_ranges  0x0000000000000658      0x1c0 ./Drivers/STM32F4xx_HAL_Driver/Src/stm32f4xx_hal_spi.o
 .debug_ranges  0x0000000000000818      0x3c0 ./Drivers/STM32F4xx_HAL_Driver/Src/stm32f4xx_hal_tim.o
 .debug_ranges  0x0000000000000bd8      0x158 ./Drivers/STM32F4xx_HAL_Driver/Src/stm32f4xx_hal_tim_ex.o
 .debug_ranges  0x0000000000000d30      0x220 ./Drivers/STM32F4xx_HAL_Driver/Src/stm32f4xx_hal_uart.o
 .debug_ranges  0x0000000000000f50      0x2a0 ./Middlewares/Third_Party/FreeRTOS/Source/CMSIS_RTOS_V2/cmsis_os2.o
 .debug_ranges  0x00000000000011f0       0x30 ./Middlewares/Third_Party/FreeRTOS/Source/list.o
 .debug_ranges  0x0000000000001220      0x148 ./Middlewares/Third_Party/FreeRTOS/Source/queue.o
 .debug_ranges  0x0000000000001368      0x1f8 ./Middlewares/Third_Party/FreeRTOS/Source/tasks.o
 .debug_ranges  0x0000000000001560       0xe0 ./Middlewares/Third_Party/FreeRTOS/Source/timers.o
 .debug_ranges  0x0000000000001640       0x70 ./Middlewares/Third_Party/FreeRTOS/Source/portable/GCC/ARM_CM4F/port.o
 .debug_ranges  0x00000000000016b0       0x48 ./Middlewares/Third_Party/FreeRTOS/Source/portable/MemMang/heap_4.o

.debug_macro    0x0000000000000000     0x40e0
 .debug_macro   0x0000000000000000      0x3cb ./Core/Src/main.o
 .debug_macro   0x00000000000003cb      0x16f ./Core/Src/main.o
 .debug_macro   0x000000000000053a       0x66 ./Core/Src/main.o
 .debug_macro   0x00000000000005a0       0x74 ./Core/Src/main.o
 .debug_macro   0x0000000000000614       0xdd ./Core/Src/main.o
 .debug_macro   0x00000000000006f1      0x341 ./Core/Src/main.o
 .debug_macro   0x0000000000000a32       0x10 ./Core/Src/main.o
 .debug_macro   0x0000000000000a42       0x20 ./Core/Src/main.o
 .debug_macro   0x0000000000000a62       0x87 ./Core/Src/main.o
 .debug_macro   0x0000000000000ae9       0x9a ./Core/Src/main.o
 .debug_macro   0x0000000000000b83       0x22 ./Core/Src/main.o
 .debug_macro   0x0000000000000ba5      0x148 ./Core/Src/main.o
 .debug_macro   0x0000000000000ced      0x20f ./Core/Src/stm32f4xx_hal_msp.o
 .debug_macro   0x0000000000000efc      0x200 ./Core/Src/stm32f4xx_hal_timebase_tim.o
 .debug_macro   0x00000000000010fc      0x219 ./Core/Src/stm32f4xx_it.o
 .debug_macro   0x0000000000001315      0x200 ./Core/Src/system_stm32f4xx.o
 .debug_macro   0x0000000000001515      0x3a7 ./Core/Src/nrf24L01/nrf24L01.o
 .debug_macro   0x00000000000018bc       0x16 ./Core/Src/nrf24L01/nrf24L01.o
 .debug_macro   0x00000000000018d2      0x260 ./Drivers/STM32F4xx_HAL_Driver/Src/stm32f4xx_hal.o
 .debug_macro   0x0000000000001b32      0x201 ./Drivers/STM32F4xx_HAL_Driver/Src/stm32f4xx_hal_adc.o
 .debug_macro   0x0000000000001d33      0x200 ./Drivers/STM32F4xx_HAL_Driver/Src/stm32f4xx_hal_adc_ex.o
 .debug_macro   0x0000000000001f33      0x200 ./Drivers/STM32F4xx_HAL_Driver/Src/stm32f4xx_hal_cortex.o
 .debug_macro   0x0000000000002133      0x206 ./Drivers/STM32F4xx_HAL_Driver/Src/stm32f4xx_hal_gpio.o
 .debug_macro   0x0000000000002339      0x224 ./Drivers/STM32F4xx_HAL_Driver/Src/stm32f4xx_hal_rcc.o
 .debug_macro   0x000000000000255d      0x20f ./Drivers/STM32F4xx_HAL_Driver/Src/stm32f4xx_hal_spi.o
 .debug_macro   0x000000000000276c      0x201 ./Drivers/STM32F4xx_HAL_Driver/Src/stm32f4xx_hal_tim.o
 .debug_macro   0x000000000000296d      0x200 ./Drivers/STM32F4xx_HAL_Driver/Src/stm32f4xx_hal_tim_ex.o
 .debug_macro   0x0000000000002b6d      0x201 ./Drivers/STM32F4xx_HAL_Driver/Src/stm32f4xx_hal_uart.o
 .debug_macro   0x0000000000002d6e      0x409 ./Middlewares/Third_Party/FreeRTOS/Source/CMSIS_RTOS_V2/cmsis_os2.o
 .debug_macro   0x0000000000003177       0x10 ./Middlewares/Third_Party/FreeRTOS/Source/CMSIS_RTOS_V2/cmsis_os2.o
 .debug_macro   0x0000000000003187       0xd3 ./Middlewares/Third_Party/FreeRTOS/Source/CMSIS_RTOS_V2/cmsis_os2.o
 .debug_macro   0x000000000000325a       0x91 ./Middlewares/Third_Party/FreeRTOS/Source/CMSIS_RTOS_V2/cmsis_os2.o
 .debug_macro   0x00000000000032eb       0x8d ./Middlewares/Third_Party/FreeRTOS/Source/CMSIS_RTOS_V2/cmsis_os2.o
 .debug_macro   0x0000000000003378       0x22 ./Middlewares/Third_Party/FreeRTOS/Source/CMSIS_RTOS_V2/cmsis_os2.o
 .debug_macro   0x000000000000339a       0x56 ./Middlewares/Third_Party/FreeRTOS/Source/CMSIS_RTOS_V2/cmsis_os2.o
 .debug_macro   0x00000000000033f0      0x199 ./Middlewares/Third_Party/FreeRTOS/Source/list.o
 .debug_macro   0x0000000000003589      0x228 ./Middlewares/Third_Party/FreeRTOS/Source/queue.o
 .debug_macro   0x00000000000037b1       0x16 ./Middlewares/Third_Party/FreeRTOS/Source/queue.o
 .debug_macro   0x00000000000037c7      0x291 ./Middlewares/Third_Party/FreeRTOS/Source/tasks.o
 .debug_macro   0x0000000000003a58       0x10 ./Middlewares/Third_Party/FreeRTOS/Source/tasks.o
 .debug_macro   0x0000000000003a68      0x1ee ./Middlewares/Third_Party/FreeRTOS/Source/timers.o
 .debug_macro   0x0000000000003c56       0x97 ./Middlewares/Third_Party/FreeRTOS/Source/timers.o
 .debug_macro   0x0000000000003ced      0x233 ./Middlewares/Third_Party/FreeRTOS/Source/portable/GCC/ARM_CM4F/port.o
 .debug_macro   0x0000000000003f20      0x1c0 ./Middlewares/Third_Party/FreeRTOS/Source/portable/MemMang/heap_4.o

.debug_line     0x0000000000000000    0x1a044
 .debug_line    0x0000000000000000      0xf6d ./Core/Src/main.o
 .debug_line    0x0000000000000f6d      0x8ab ./Core/Src/stm32f4xx_hal_msp.o
 .debug_line    0x0000000000001818      0x769 ./Core/Src/stm32f4xx_hal_timebase_tim.o
 .debug_line    0x0000000000001f81      0x7ca ./Core/Src/stm32f4xx_it.o
 .debug_line    0x000000000000274b      0x77f ./Core/Src/system_stm32f4xx.o
 .debug_line    0x0000000000002eca      0xe84 ./Core/Src/nrf24L01/nrf24L01.o
 .debug_line    0x0000000000003d4e       0x88 ./Core/Startup/startup_stm32f401ccux.o
 .debug_line    0x0000000000003dd6      0x9e5 ./Drivers/STM32F4xx_HAL_Driver/Src/stm32f4xx_hal.o
 .debug_line    0x00000000000047bb     0x118f ./Drivers/STM32F4xx_HAL_Driver/Src/stm32f4xx_hal_adc.o
 .debug_line    0x000000000000594a      0xea5 ./Drivers/STM32F4xx_HAL_Driver/Src/stm32f4xx_hal_adc_ex.o
 .debug_line    0x00000000000067ef      0xc94 ./Drivers/STM32F4xx_HAL_Driver/Src/stm32f4xx_hal_cortex.o
 .debug_line    0x0000000000007483      0xb1d ./Drivers/STM32F4xx_HAL_Driver/Src/stm32f4xx_hal_gpio.o
 .debug_line    0x0000000000007fa0      0xd5f ./Drivers/STM32F4xx_HAL_Driver/Src/stm32f4xx_hal_rcc.o
 .debug_line    0x0000000000008cff     0x1c6f ./Drivers/STM32F4xx_HAL_Driver/Src/stm32f4xx_hal_spi.o
 .debug_line    0x000000000000a96e     0x34b3 ./Drivers/STM32F4xx_HAL_Driver/Src/stm32f4xx_hal_tim.o
 .debug_line    0x000000000000de21     0x197d ./Drivers/STM32F4xx_HAL_Driver/Src/stm32f4xx_hal_tim_ex.o
 .debug_line    0x000000000000f79e     0x2a8a ./Drivers/STM32F4xx_HAL_Driver/Src/stm32f4xx_hal_uart.o
 .debug_line    0x0000000000012228     0x23fb ./Middlewares/Third_Party/FreeRTOS/Source/CMSIS_RTOS_V2/cmsis_os2.o
 .debug_line    0x0000000000014623      0x6e5 ./Middlewares/Third_Party/FreeRTOS/Source/list.o
 .debug_line    0x0000000000014d08     0x16af ./Middlewares/Third_Party/FreeRTOS/Source/queue.o
 .debug_line    0x00000000000163b7     0x1d8d ./Middlewares/Third_Party/FreeRTOS/Source/tasks.o
 .debug_line    0x0000000000018144      0xd45 ./Middlewares/Third_Party/FreeRTOS/Source/timers.o
 .debug_line    0x0000000000018e89      0x8ac ./Middlewares/Third_Party/FreeRTOS/Source/portable/GCC/ARM_CM4F/port.o
 .debug_line    0x0000000000019735      0x90f ./Middlewares/Third_Party/FreeRTOS/Source/portable/MemMang/heap_4.o

.debug_str      0x0000000000000000    0xa50b4
 .debug_str     0x0000000000000000    0x9cf22 ./Core/Src/main.o