../Core/Src/nrf24L01/nrf24L01.c:47:22:DelayMicro	16	static
../Core/Src/nrf24L01/nrf24L01.c:55:6:NRF24_init_TX	8	static
../Core/Src/nrf24L01/nrf24L01.c:90:6:NRF24_init_RX	8	static
../Core/Src/nrf24L01/nrf24L01.c:125:9:NRF24_ReadReg	32	static
../Core/Src/nrf24L01/nrf24L01.c:143:6:NRF24_WriteReg	16	static
../Core/Src/nrf24L01/nrf24L01.c:155:6:NRF24_ToggleFeatures	16	static
../Core/Src/nrf24L01/nrf24L01.c:169:6:NRF24_Read_Buf	16	static
../Core/Src/nrf24L01/nrf24L01.c:179:6:NRF24_Write_Buf	16	static
../Core/Src/nrf24L01/nrf24L01.c:193:13:NRF24_FlushRX	16	static
../Core/Src/nrf24L01/nrf24L01.c:203:13:NRF24_FlushTX	16	static
../Core/Src/nrf24L01/nrf24L01.c:213:6:NRF24L01_RX_Mode	16	static
../Core/Src/nrf24L01/nrf24L01.c:230:6:testReadWriteSetingd	24	static
../Core/Src/nrf24L01/nrf24L01.c:269:6:testDelay	8	static
../Core/Src/nrf24L01/nrf24L01.c:276:6:NRF24L01_TX_Mode	16	static
../Core/Src/nrf24L01/nrf24L01.c:286:6:NRF24_Transmit	16	static
../Core/Src/nrf24L01/nrf24L01.c:299:9:NRF24L01_Send	24	static
../Core/Src/nrf24L01/nrf24L01.c:344:6:NRF24L01_Transmit	16	static
../Core/Src/nrf24L01/nrf24L01.c:376:6:led_test	8	static
../Core/Src/nrf24L01/nrf24L01.c:382:6:NRF24L01_Receive	16	static
../Core/Src/nrf24L01/nrf24L01.c:415:6:NRF24L01_Transmit_Real_Data	16	static
../Core/Src/nrf24L01/nrf24L01.c:448:6:NRF24L01_Receive_Real_Data	16	static
../Core/Src/nrf24L01/nrf24L01.c:481:6:print_Data_Ower_uart	192	static
../Core/Src/nrf24L01/nrf24L01.c:507:6:parsing_Data	32	static
