../Core/Src/nrf24L01/nrf24L01.c:44:22:DelayMicro	16	static
../Core/Src/nrf24L01/nrf24L01.c:51:6:NRF24_init_TX	8	static
../Core/Src/nrf24L01/nrf24L01.c:85:6:NRF24_init_RX	8	static
../Core/Src/nrf24L01/nrf24L01.c:119:9:NRF24_ReadReg	32	static
../Core/Src/nrf24L01/nrf24L01.c:137:6:NRF24_WriteReg	16	static
../Core/Src/nrf24L01/nrf24L01.c:149:6:NRF24_ToggleFeatures	16	static
../Core/Src/nrf24L01/nrf24L01.c:163:6:NRF24_Read_Buf	16	static
../Core/Src/nrf24L01/nrf24L01.c:173:6:NRF24_Write_Buf	16	static
../Core/Src/nrf24L01/nrf24L01.c:187:13:NRF24_FlushRX	16	static
../Core/Src/nrf24L01/nrf24L01.c:197:13:NRF24_FlushTX	16	static
../Core/Src/nrf24L01/nrf24L01.c:207:6:NRF24L01_RX_Mode	16	static
../Core/Src/nrf24L01/nrf24L01.c:224:6:testReadWriteSetingd	24	static
../Core/Src/nrf24L01/nrf24L01.c:263:6:testDelay	8	static
../Core/Src/nrf24L01/nrf24L01.c:270:6:NRF24L01_TX_Mode	16	static
../Core/Src/nrf24L01/nrf24L01.c:280:6:NRF24_Transmit	16	static
../Core/Src/nrf24L01/nrf24L01.c:293:9:NRF24L01_Send	24	static
../Core/Src/nrf24L01/nrf24L01.c:337:6:NRF24L01_Transmit	16	static
../Core/Src/nrf24L01/nrf24L01.c:369:6:led_test	8	static
../Core/Src/nrf24L01/nrf24L01.c:375:6:NRF24L01_Receive	16	static
../Core/Src/nrf24L01/nrf24L01.c:408:6:NRF24L01_Transmit_Real_Data	16	static
../Core/Src/nrf24L01/nrf24L01.c:441:6:NRF24L01_Receive_Real_Data	16	static
../Core/Src/nrf24L01/nrf24L01.c:474:6:print_Data_Ower_uart	192	static
../Core/Src/nrf24L01/nrf24L01.c:500:6:parsing_Data	32	static
