../Core/Src/nrf24L01/nrf24L01.c:42:22:DelayMicro	16	static
../Core/Src/nrf24L01/nrf24L01.c:50:6:NRF24_init_TX	8	static
../Core/Src/nrf24L01/nrf24L01.c:85:6:NRF24_init_RX	8	static
../Core/Src/nrf24L01/nrf24L01.c:120:9:NRF24_ReadReg	32	static
../Core/Src/nrf24L01/nrf24L01.c:138:6:NRF24_WriteReg	16	static
../Core/Src/nrf24L01/nrf24L01.c:150:6:NRF24_ToggleFeatures	16	static
../Core/Src/nrf24L01/nrf24L01.c:164:6:NRF24_Read_Buf	16	static
../Core/Src/nrf24L01/nrf24L01.c:174:6:NRF24_Write_Buf	16	static
../Core/Src/nrf24L01/nrf24L01.c:188:13:NRF24_FlushRX	16	static
../Core/Src/nrf24L01/nrf24L01.c:198:13:NRF24_FlushTX	16	static
../Core/Src/nrf24L01/nrf24L01.c:208:6:NRF24L01_RX_Mode	16	static
../Core/Src/nrf24L01/nrf24L01.c:225:6:testReadWriteSetingd	24	static
../Core/Src/nrf24L01/nrf24L01.c:264:6:testDelay	8	static
../Core/Src/nrf24L01/nrf24L01.c:271:6:NRF24L01_TX_Mode	16	static
../Core/Src/nrf24L01/nrf24L01.c:281:6:NRF24_Transmit	16	static
../Core/Src/nrf24L01/nrf24L01.c:294:9:NRF24L01_Send	24	static
../Core/Src/nrf24L01/nrf24L01.c:339:6:NRF24L01_Transmit	16	static
../Core/Src/nrf24L01/nrf24L01.c:371:6:led_test	8	static
../Core/Src/nrf24L01/nrf24L01.c:377:6:NRF24L01_Receive	16	static
../Core/Src/nrf24L01/nrf24L01.c:410:6:NRF24L01_Transmit_Real_Data	24	static
../Core/Src/nrf24L01/nrf24L01.c:444:6:NRF24L01_Receive_Real_Data	192	static
