../Core/Src/nrf24L01/nrf24L01.c:38:22:DelayMicro	16	static
../Core/Src/nrf24L01/nrf24L01.c:46:6:NRF24_init_TX	8	static
../Core/Src/nrf24L01/nrf24L01.c:81:6:NRF24_init_RX	8	static
../Core/Src/nrf24L01/nrf24L01.c:116:9:NRF24_ReadReg	32	static
../Core/Src/nrf24L01/nrf24L01.c:134:6:NRF24_WriteReg	16	static
../Core/Src/nrf24L01/nrf24L01.c:146:6:NRF24_ToggleFeatures	16	static
../Core/Src/nrf24L01/nrf24L01.c:160:6:NRF24_Read_Buf	16	static
../Core/Src/nrf24L01/nrf24L01.c:170:6:NRF24_Write_Buf	16	static
../Core/Src/nrf24L01/nrf24L01.c:184:13:NRF24_FlushRX	16	static
../Core/Src/nrf24L01/nrf24L01.c:194:13:NRF24_FlushTX	16	static
../Core/Src/nrf24L01/nrf24L01.c:204:6:NRF24L01_RX_Mode	16	static
../Core/Src/nrf24L01/nrf24L01.c:221:6:testReadWriteSetingd	24	static
../Core/Src/nrf24L01/nrf24L01.c:260:6:testDelay	8	static
../Core/Src/nrf24L01/nrf24L01.c:267:6:NRF24L01_TX_Mode	16	static
../Core/Src/nrf24L01/nrf24L01.c:277:6:NRF24_Transmit	16	static
../Core/Src/nrf24L01/nrf24L01.c:290:9:NRF24L01_Send	24	static
../Core/Src/nrf24L01/nrf24L01.c:335:6:NRF24L01_Transmit	16	static
../Core/Src/nrf24L01/nrf24L01.c:367:6:led_test	8	static
../Core/Src/nrf24L01/nrf24L01.c:373:6:NRF24L01_Receive	16	static
../Core/Src/nrf24L01/nrf24L01.c:406:6:NRF24L01_Transmit_Real_Data	24	static
../Core/Src/nrf24L01/nrf24L01.c:440:6:NRF24L01_Receive_Real_Data	136	static
