../Core/Src/main.c:125:10:simpleAdcRead	16	static
../Core/Src/main.c:137:5:ADC_Get_Value	40	static
../Core/Src/main.c:209:5:main	8	static
../Core/Src/main.c:312:6:SystemClock_Config	88	static
../Core/Src/main.c:358:13:MX_ADC1_Init	24	static
../Core/Src/main.c:466:13:MX_SPI2_Init	8	static
../Core/Src/main.c:504:13:MX_USART1_UART_Init	8	static
../Core/Src/main.c:537:13:MX_GPIO_Init	48	static
../Core/Src/main.c:596:6:StartDefaultTask	16	static
../Core/Src/main.c:623:6:Start_nrf_task	16	static
../Core/Src/main.c:658:6:StartAdcTask	32	static
../Core/Src/main.c:715:6:HAL_TIM_PeriodElapsedCallback	16	static
../Core/Src/main.c:732:6:Error_Handler	4	static,ignoring_inline_asm
