../Core/Src/main.c:144:10:simpleAdcRead	16	static
../Core/Src/main.c:156:5:ADC_Get_Value	40	static
../Core/Src/main.c:220:6:Test_Servo_Motor	16	static
../Core/Src/main.c:234:6:Set_Servo_Angle	24	static
../Core/Src/main.c:244:6:PWM_Tim_Init	56	static
../Core/Src/main.c:313:5:main	8	static
../Core/Src/main.c:427:6:SystemClock_Config	88	static
../Core/Src/main.c:473:13:MX_ADC1_Init	24	static
../Core/Src/main.c:581:13:MX_SPI2_Init	8	static
../Core/Src/main.c:619:13:MX_TIM2_Init	48	static
../Core/Src/main.c:673:13:MX_TIM4_Init	48	static
../Core/Src/main.c:730:13:MX_USART1_UART_Init	8	static
../Core/Src/main.c:763:13:MX_GPIO_Init	48	static
../Core/Src/main.c:822:6:StartDefaultTask	40	static
../Core/Src/main.c:883:6:Start_nrf_task	16	static
../Core/Src/main.c:918:6:StartAdcTask	32	static
../Core/Src/main.c:975:6:HAL_TIM_PeriodElapsedCallback	16	static
../Core/Src/main.c:992:6:Error_Handler	4	static,ignoring_inline_asm
